Component: ARM Compiler 5.06 update 4 (build 422) Tool: armlink [4d35d2]

==============================================================================

Section Cross References

    main.o(i.assert_nrf_callback) refers to app_error.o(i.app_error_handler) for app_error_handler
    main.o(i.ble_evt_handler) refers to nrf_log_frontend.o(i.nrf_log_frontend_std_0) for nrf_log_frontend_std_0
    main.o(i.ble_evt_handler) refers to bsp.o(i.bsp_indication_set) for bsp_indication_set
    main.o(i.ble_evt_handler) refers to app_error.o(i.app_error_handler_bare) for app_error_handler_bare
    main.o(i.ble_evt_handler) refers to memcpya.o(.text) for __aeabi_memcpy
    main.o(i.ble_evt_handler) refers to main.o(.data) for .data
    main.o(i.ble_evt_handler) refers to nrf_log_frontend.o(log_dynamic_data) for m_nrf_log_app_logs_data_dynamic
    main.o(i.bsp_event_handler) refers to main.o(i.sleep_mode_enter) for sleep_mode_enter
    main.o(i.bsp_event_handler) refers to app_error.o(i.app_error_handler_bare) for app_error_handler_bare
    main.o(i.bsp_event_handler) refers to ble_advertising.o(i.ble_advertising_restart_without_whitelist) for ble_advertising_restart_without_whitelist
    main.o(i.bsp_event_handler) refers to main.o(.data) for .data
    main.o(i.bsp_event_handler) refers to main.o(.bss) for .bss
    main.o(i.conn_params_error_handler) refers to app_error.o(i.app_error_handler_bare) for app_error_handler_bare
    main.o(i.gatt_evt_handler) refers to nrf_log_frontend.o(i.nrf_log_frontend_std_2) for nrf_log_frontend_std_2
    main.o(i.gatt_evt_handler) refers to main.o(.data) for .data
    main.o(i.gatt_evt_handler) refers to nrf_log_frontend.o(log_dynamic_data) for m_nrf_log_app_logs_data_dynamic
    main.o(i.gatt_init) refers to nrf_ble_gatt.o(i.nrf_ble_gatt_init) for nrf_ble_gatt_init
    main.o(i.gatt_init) refers to app_error.o(i.app_error_handler_bare) for app_error_handler_bare
    main.o(i.gatt_init) refers to nrf_ble_gatt.o(i.nrf_ble_gatt_att_mtu_periph_set) for nrf_ble_gatt_att_mtu_periph_set
    main.o(i.gatt_init) refers to main.o(i.gatt_evt_handler) for gatt_evt_handler
    main.o(i.gatt_init) refers to main.o(.bss) for .bss
    main.o(i.main) refers to app_timer.o(i.app_timer_init) for app_timer_init
    main.o(i.main) refers to app_error.o(i.app_error_handler_bare) for app_error_handler_bare
    main.o(i.main) refers to memcpya.o(.text) for __aeabi_memcpy4
    main.o(i.main) refers to app_uart_fifo.o(i.app_uart_init) for app_uart_init
    main.o(i.main) refers to nrf_log_frontend.o(i.nrf_log_init) for nrf_log_init
    main.o(i.main) refers to nrf_log_default_backends.o(i.nrf_log_default_backends_init) for nrf_log_default_backends_init
    main.o(i.main) refers to bsp.o(i.bsp_init) for bsp_init
    main.o(i.main) refers to bsp_btn_ble.o(i.bsp_btn_ble_init) for bsp_btn_ble_init
    main.o(i.main) refers to nrf_sdh.o(i.nrf_sdh_enable_request) for nrf_sdh_enable_request
    main.o(i.main) refers to nrf_sdh_ble.o(i.nrf_sdh_ble_default_cfg_set) for nrf_sdh_ble_default_cfg_set
    main.o(i.main) refers to nrf_sdh_ble.o(i.nrf_sdh_ble_enable) for nrf_sdh_ble_enable
    main.o(i.main) refers to main.o(i.gatt_init) for gatt_init
    main.o(i.main) refers to ble_nus.o(i.ble_nus_init) for ble_nus_init
    main.o(i.main) refers to memseta.o(.text) for __aeabi_memclr4
    main.o(i.main) refers to ble_advertising.o(i.ble_advertising_init) for ble_advertising_init
    main.o(i.main) refers to ble_advertising.o(i.ble_advertising_conn_cfg_tag_set) for ble_advertising_conn_cfg_tag_set
    main.o(i.main) refers to ble_conn_params.o(i.ble_conn_params_init) for ble_conn_params_init
    main.o(i.main) refers to nrf_log_frontend.o(i.nrf_log_frontend_std_0) for nrf_log_frontend_std_0
    main.o(i.main) refers to ble_advertising.o(i.ble_advertising_start) for ble_advertising_start
    main.o(i.main) refers to main.o(.constdata) for .constdata
    main.o(i.main) refers to main.o(.bss) for .bss
    main.o(i.main) refers to main.o(i.uart_event_handle_BLE) for uart_event_handle_BLE
    main.o(i.main) refers to main.o(i.bsp_event_handler) for bsp_event_handler
    main.o(i.main) refers to main.o(i.nus_data_handler) for nus_data_handler
    main.o(i.main) refers to main.o(.data) for .data
    main.o(i.main) refers to main.o(i.on_adv_evt) for on_adv_evt
    main.o(i.main) refers to main.o(i.on_conn_params_evt) for on_conn_params_evt
    main.o(i.main) refers to main.o(i.conn_params_error_handler) for conn_params_error_handler
    main.o(i.main) refers to nrf_log_frontend.o(log_dynamic_data) for m_nrf_log_app_logs_data_dynamic
    main.o(i.nus_data_handler) refers to nrf_log_frontend.o(i.nrf_log_frontend_std_0) for nrf_log_frontend_std_0
    main.o(i.nus_data_handler) refers to nrf_log_frontend.o(i.nrf_log_frontend_hexdump) for nrf_log_frontend_hexdump
    main.o(i.nus_data_handler) refers to app_uart_fifo.o(i.app_uart_put) for app_uart_put
[...]
    __tagsym$$used                           0x000296f4   Number         0  nrf_drv_gpiote.o(log_const_data)
    log_const_data                           0x000296fc   Section        8  nrf_drv_uart.o(log_const_data)
    __tagsym$$used                           0x000296fc   Number         0  nrf_drv_uart.o(log_const_data)
    log_const_data                           0x00029704   Section        8  nrf_balloc.o(log_const_data)
    __tagsym$$used                           0x00029704   Number         0  nrf_balloc.o(log_const_data)
    log_const_data                           0x0002970c   Section        8  nrf_pwr_mgmt.o(log_const_data)
    __tagsym$$used                           0x0002970c   Number         0  nrf_pwr_mgmt.o(log_const_data)
    log_const_data                           0x00029714   Section        8  nrf_log_frontend.o(log_const_data)
    __tagsym$$used                           0x00029714   Number         0  nrf_log_frontend.o(log_const_data)
    log_const_data                           0x0002971c   Section        8  nrf_sdh.o(log_const_data)
    __tagsym$$used                           0x0002971c   Number         0  nrf_sdh.o(log_const_data)
    log_const_data                           0x00029724   Section        8  nrf_sdh_ble.o(log_const_data)
    __tagsym$$used                           0x00029724   Number         0  nrf_sdh_ble.o(log_const_data)
    log_const_data                           0x0002972c   Section        8  nrf_sdh_soc.o(log_const_data)
    __tagsym$$used                           0x0002972c   Number         0  nrf_sdh_soc.o(log_const_data)
    sdh_ble_observers0                       0x00029734   Section        8  ble_conn_state.o(sdh_ble_observers0)
    __tagsym$$used                           0x00029734   Number         0  ble_conn_state.o(sdh_ble_observers0)
    m_ble_evt_observer                       0x00029734   Data           8  ble_conn_state.o(sdh_ble_observers0)
    sdh_ble_observers1                       0x0002973c   Section        8  main.o(sdh_ble_observers1)
    __tagsym$$used                           0x0002973c   Number         0  main.o(sdh_ble_observers1)
    m_ble_observer                           0x0002973c   Data           8  main.o(sdh_ble_observers1)
    sdh_ble_observers1                       0x00029744   Section        8  bsp_btn_ble.o(sdh_ble_observers1)
    __tagsym$$used                           0x00029744   Number         0  bsp_btn_ble.o(sdh_ble_observers1)
    m_ble_observer                           0x00029744   Data           8  bsp_btn_ble.o(sdh_ble_observers1)
    sdh_ble_observers2                       0x0002974c   Section       24  main.o(sdh_ble_observers2)
    __tagsym$$used                           0x0002974c   Number         0  main.o(sdh_ble_observers2)
    m_nus_obs                                0x0002974c   Data           8  main.o(sdh_ble_observers2)
    __tagsym$$used                           0x00029754   Number         0  main.o(sdh_ble_observers2)
    m_gatt_obs                               0x00029754   Data           8  main.o(sdh_ble_observers2)
    __tagsym$$used                           0x0002975c   Number         0  main.o(sdh_ble_observers2)
    m_advertising_ble_obs                    0x0002975c   Data           8  main.o(sdh_ble_observers2)
    sdh_ble_observers2                       0x00029764   Section        8  ble_conn_params.o(sdh_ble_observers2)
    __tagsym$$used                           0x00029764   Number         0  ble_conn_params.o(sdh_ble_observers2)
    m_ble_observer                           0x00029764   Data           8  ble_conn_params.o(sdh_ble_observers2)
    sdh_req_observers0                       0x0002976c   Section        8  nrf_fstorage_sd.o(sdh_req_observers0)
    __tagsym$$used                           0x0002976c   Number         0  nrf_fstorage_sd.o(sdh_req_observers0)
    sdh_soc_observers0                       0x00029774   Section        8  nrf_drv_clock.o(sdh_soc_observers0)
    __tagsym$$used                           0x00029774   Number         0  nrf_drv_clock.o(sdh_soc_observers0)
    m_soc_evt_observer                       0x00029774   Data           8  nrf_drv_clock.o(sdh_soc_observers0)
    sdh_soc_observers0                       0x0002977c   Section        8  nrf_fstorage_sd.o(sdh_soc_observers0)
    __tagsym$$used                           0x0002977c   Number         0  nrf_fstorage_sd.o(sdh_soc_observers0)
    m_sys_obs                                0x0002977c   Data           8  nrf_fstorage_sd.o(sdh_soc_observers0)
    sdh_soc_observers1                       0x00029784   Section        8  main.o(sdh_soc_observers1)
    __tagsym$$used                           0x00029784   Number         0  main.o(sdh_soc_observers1)
    m_advertising_soc_obs                    0x00029784   Data           8  main.o(sdh_soc_observers1)
    sdh_stack_observers0                     0x0002978c   Section        8  nrf_sdh_ble.o(sdh_stack_observers0)
    __tagsym$$used                           0x0002978c   Number         0  nrf_sdh_ble.o(sdh_stack_observers0)
    m_nrf_sdh_ble_evts_poll                  0x0002978c   Data           8  nrf_sdh_ble.o(sdh_stack_observers0)
    sdh_stack_observers0                     0x00029794   Section        8  nrf_sdh_soc.o(sdh_stack_observers0)
    __tagsym$$used                           0x00029794   Number         0  nrf_sdh_soc.o(sdh_stack_observers0)
    m_nrf_sdh_soc_evts_poll                  0x00029794   Data           8  nrf_sdh_soc.o(sdh_stack_observers0)
    sdh_state_observers0                     0x0002979c   Section        8  nrf_drv_clock.o(sdh_state_observers0)
    __tagsym$$used                           0x0002979c   Number         0  nrf_drv_clock.o(sdh_state_observers0)
    m_sd_state_observer                      0x0002979c   Data           8  nrf_drv_clock.o(sdh_state_observers0)
    sdh_state_observers0                     0x000297a4   Section        8  nrf_fstorage_sd.o(sdh_state_observers0)
    __tagsym$$used                           0x000297a4   Number         0  nrf_fstorage_sd.o(sdh_state_observers0)
    m_state_obs                              0x000297a4   Data           8  nrf_fstorage_sd.o(sdh_state_observers0)
    .data                                    0x20002a68   Section       10  main.o(.data)
    index                                    0x20002a68   Data           1  main.o(.data)
    m_conn_handle                            0x20002a6a   Data           2  main.o(.data)
    m_ble_nus_max_data_len                   0x20002a6c   Data           2  main.o(.data)
    m_adv_uuids                              0x20002a6e   Data           4  main.o(.data)
    .data                                    0x20002a74   Section       16  bsp.o(.data)
    m_stable_state                           0x20002a74   Data           1  bsp.o(.data)
    m_leds_clear                             0x20002a75   Data           1  bsp.o(.data)
    m_alert_on                               0x20002a76   Data           1  bsp.o(.data)
    current_long_push_pin_no                 0x20002a77   Data           1  bsp.o(.data)
    m_indication_type                        0x20002a78   Data           4  bsp.o(.data)
    m_registered_callback                    0x20002a7c   Data           4  bsp.o(.data)
    release_event_at_push                    0x20002a80   Data           4  bsp.o(.data)
    .data                                    0x20002a84   Section        8  bsp_btn_ble.o(.data)
    m_error_handler                          0x20002a84   Data           4  bsp_btn_ble.o(.data)
    m_num_connections                        0x20002a88   Data           4  bsp_btn_ble.o(.data)
    .data                                    0x20002a8c   Section        8  ble_conn_params.o(.data)
    m_preferred_conn_params                  0x20002a8c   Data           8  ble_conn_params.o(.data)
    .data                                    0x20002a94   Section       20  app_button.o(.data)
    m_button_count                           0x20002a94   Data           1  app_button.o(.data)
    mp_buttons                               0x20002a98   Data           4  app_button.o(.data)
    m_detection_delay                        0x20002a9c   Data           4  app_button.o(.data)
    m_pin_state                              0x20002aa0   Data           4  app_button.o(.data)
    m_pin_transition                         0x20002aa4   Data           4  app_button.o(.data)
    .data                                    0x20002aa8   Section       20  app_timer.o(.data)
    m_ticks_elapsed_q_read_ind               0x20002aa8   Data           1  app_timer.o(.data)
    m_ticks_elapsed_q_write_ind              0x20002aa9   Data           1  app_timer.o(.data)
    m_rtc1_running                           0x20002aaa   Data           1  app_timer.o(.data)
    m_rtc1_reset                             0x20002aab   Data           1  app_timer.o(.data)
    mp_timer_id_head                         0x20002aac   Data           4  app_timer.o(.data)
    m_ticks_latest                           0x20002ab0   Data           4  app_timer.o(.data)
    m_ticks_elapsed                          0x20002ab4   Data           8  app_timer.o(.data)
    .data                                    0x20002abc   Section       16  app_uart_fifo.o(.data)
    tx_buffer                                0x20002abc   Data           1  app_uart_fifo.o(.data)
    rx_buffer                                0x20002abd   Data           1  app_uart_fifo.o(.data)
    m_rx_ovf                                 0x20002abe   Data           1  app_uart_fifo.o(.data)
    m_event_handler                          0x20002ac0   Data           4  app_uart_fifo.o(.data)
    app_uart_inst                            0x20002ac4   Data           8  app_uart_fifo.o(.data)
    .data                                    0x20002acc   Section        8  nrf_fstorage_sd.o(.data)
    m_flags                                  0x20002acc   Data           4  nrf_fstorage_sd.o(.data)
    m_retry_cnt                              0x20002ad0   Data           4  nrf_fstorage_sd.o(.data)
    .data                                    0x20002ad4   Section       12  nrf_log_default_backends.o(.data)
    rtt_log_backend                          0x20002ad4   Data          12  nrf_log_default_backends.o(.data)
    .data                                    0x20002ae0   Section        8  nrf_log_frontend.o(.data)
    mempool_nrf_balloc_pool_stack            0x20002ae0   Data           8  nrf_log_frontend.o(.data)
    .data                                    0x20002ae8   Section        8  nrf_log_frontend.o(.data)
    mempool_nrf_balloc_cb                    0x20002ae8   Data           8  nrf_log_frontend.o(.data)
    .data                                    0x20002af0   Section       56  nrf_log_str_formatter.o(.data)
    severity_names                           0x20002af0   Data          20  nrf_log_str_formatter.o(.data)
    m_colors                                 0x20002b04   Data          36  nrf_log_str_formatter.o(.data)
    .data                                    0x20002b28   Section        3  nrf_sdh.o(.data)
    m_nrf_sdh_enabled                        0x20002b28   Data           1  nrf_sdh.o(.data)
    m_nrf_sdh_suspended                      0x20002b29   Data           1  nrf_sdh.o(.data)
    m_nrf_sdh_continue                       0x20002b2a   Data           1  nrf_sdh.o(.data)
    .data                                    0x20002b2c   Section        4  system_nrf52.o(.data)
    __tagsym$$used                           0x20002b2c   Number         0  system_nrf52.o(.data)
    log_dynamic_data                         0x20002b30   Section       12  nrf_ble_gatt.o(log_dynamic_data)
    __tagsym$$used                           0x20002b30   Number         0  nrf_ble_gatt.o(log_dynamic_data)
    log_dynamic_data                         0x20002b3c   Section       12  nrf_drv_clock.o(log_dynamic_data)
    __tagsym$$used                           0x20002b3c   Number         0  nrf_drv_clock.o(log_dynamic_data)
    log_dynamic_data                         0x20002b48   Section       12  nrf_drv_gpiote.o(log_dynamic_data)
    __tagsym$$used                           0x20002b48   Number         0  nrf_drv_gpiote.o(log_dynamic_data)
    log_dynamic_data                         0x20002b54   Section       12  nrf_drv_uart.o(log_dynamic_data)
    __tagsym$$used                           0x20002b54   Number         0  nrf_drv_uart.o(log_dynamic_data)
    log_dynamic_data                         0x20002b60   Section       12  nrf_balloc.o(log_dynamic_data)
    __tagsym$$used                           0x20002b60   Number         0  nrf_balloc.o(log_dynamic_data)
    log_dynamic_data                         0x20002b6c   Section       12  nrf_pwr_mgmt.o(log_dynamic_data)
    __tagsym$$used                           0x20002b6c   Number         0  nrf_pwr_mgmt.o(log_dynamic_data)
    log_dynamic_data                         0x20002b78   Section       12  nrf_log_frontend.o(log_dynamic_data)
    __tagsym$$used                           0x20002b78   Number         0  nrf_log_frontend.o(log_dynamic_data)
    log_dynamic_data                         0x20002b84   Section       12  nrf_sdh.o(log_dynamic_data)
    __tagsym$$used                           0x20002b84   Number         0  nrf_sdh.o(log_dynamic_data)
    log_dynamic_data                         0x20002b90   Section       12  nrf_sdh_ble.o(log_dynamic_data)
    __tagsym$$used                           0x20002b90   Number         0  nrf_sdh_ble.o(log_dynamic_data)
    log_dynamic_data                         0x20002b9c   Section       12  nrf_sdh_soc.o(log_dynamic_data)
    __tagsym$$used                           0x20002b9c   Number         0  nrf_sdh_soc.o(log_dynamic_data)
    .bss                                     0x20002ba8   Section     1020  main.o(.bss)
    data_array                               0x20002ba8   Data         244  main.o(.bss)
    rx_buf                                   0x20002c9c   Data         256  main.o(.bss)
    tx_buf                                   0x20002d9c   Data         256  main.o(.bss)
    m_nus                                    0x20002e9c   Data          28  main.o(.bss)
    m_gatt                                   0x20002eb8   Data          20  main.o(.bss)
    m_advertising                            0x20002ecc   Data         216  main.o(.bss)
    .bss                                     0x20002fa4   Section       32  bsp.o(.bss)
    m_leds_timer_id_data                     0x20002fa4   Data          32  bsp.o(.bss)
    .bss                                     0x20002fc4   Section       32  bsp.o(.bss)
    m_alert_timer_id_data                    0x20002fc4   Data          32  bsp.o(.bss)
    .bss                                     0x20002fe4   Section       12  bsp.o(.bss)
    m_events_list                            0x20002fe4   Data          12  bsp.o(.bss)
    .bss                                     0x20002ff0   Section       32  bsp.o(.bss)
    m_button_timer_id_data                   0x20002ff0   Data          32  bsp.o(.bss)
    .bss                                     0x20003010   Section       80  ble_conn_params.o(.bss)
    m_timer_data                             0x20003010   Data          32  ble_conn_params.o(.bss)
    m_conn_params_instances                  0x20003030   Data          20  ble_conn_params.o(.bss)
    m_conn_params_config                     0x20003044   Data          28  ble_conn_params.o(.bss)
    .bss                                     0x20003060   Section      184  ble_conn_state.o(.bss)
    m_bcs                                    0x20003060   Data         184  ble_conn_state.o(.bss)
    .bss                                     0x20003118   Section       20  nrf_drv_clock.o(.bss)
    m_clock_cb                               0x20003118   Data          20  nrf_drv_clock.o(.bss)
    .bss                                     0x2000312c   Section       88  nrf_drv_gpiote.o(.bss)
    m_cb                                     0x2000312c   Data          88  nrf_drv_gpiote.o(.bss)
    .bss                                     0x20003184   Section       32  nrf_drv_uart.o(.bss)
    m_cb                                     0x20003184   Data          32  nrf_drv_uart.o(.bss)
    .bss                                     0x200031a4   Section       32  app_button.o(.bss)
    m_detection_delay_timer_id_data          0x200031a4   Data          32  app_button.o(.bss)
    .bss                                     0x200031c4   Section      268  app_timer.o(.bss)
    m_op_queue                               0x200031c4   Data         268  app_timer.o(.bss)
    .bss                                     0x200032d0   Section       32  app_uart_fifo.o(.bss)
    m_rx_fifo                                0x200032d0   Data          16  app_uart_fifo.o(.bss)
    m_tx_fifo                                0x200032e0   Data          16  app_uart_fifo.o(.bss)
    .bss                                     0x200032f0   Section       12  app_util_platform.o(.bss)
    .bss                                     0x200032fc   Section      120  nrf_fstorage_sd.o(.bss)
    m_queue                                  0x200032fc   Data         120  nrf_fstorage_sd.o(.bss)
    .bss                                     0x20003374   Section       64  nrf_log_backend_rtt.o(.bss)
    m_string_buff                            0x20003374   Data          64  nrf_log_backend_rtt.o(.bss)
    .bss                                     0x200033b4   Section      192  nrf_log_frontend.o(.bss)
    mempool_nrf_balloc_pool_mem              0x200033b4   Data         192  nrf_log_frontend.o(.bss)
    .bss                                     0x20003474   Section     1056  nrf_log_frontend.o(.bss)
    m_log_data                               0x20003474   Data        1056  nrf_log_frontend.o(.bss)
    .bss                                     0x20003894   Section      648  segger_rtt.o(.bss)
    _acUpBuffer                              0x2000390c   Data         512  segger_rtt.o(.bss)
    _acDownBuffer                            0x20003b0c   Data          16  segger_rtt.o(.bss)
    STACK                                    0x20003b20   Section     8192  arm_startup_nrf52.o(STACK)

    Global Symbols

    Symbol Name                              Value     Ov Type        Size  Object(Section)

    BuildAttributes$$THM_ISAv4$E$P$D$K$B$S$7EM$VFPi3$EXTD16$VFPS$VFMA$PE$A:L22UL41UL21$X:L11$S22US41US21$IEEE1$IW$USESV6$~STKCKD$USESV7$~SHL$OSPACE$EBA8$MICROLIB$REQ8$PRES8$EABIv2 0x00000000   Number         0  anon$$obj.o ABSOLUTE
    __ARM_use_no_argv                        0x00000000   Number         0  main.o ABSOLUTE
    __cpp_initialize__aeabi_                  - Undefined Weak Reference
    __cxa_finalize                            - Undefined Weak Reference
    _clock_init                               - Undefined Weak Reference
    _microlib_exit                            - Undefined Weak Reference
    fs_data$$Base                             - Undefined Reference
    fs_data$$Limit                            - Undefined Reference
    pwr_mgmt_data0$$Base                      - Undefined Reference
    pwr_mgmt_data0$$Limit                     - Undefined Reference
    pwr_mgmt_data1$$Base                      - Undefined Reference
    pwr_mgmt_data1$$Limit                     - Undefined Reference
    pwr_mgmt_data2$$Base                      - Undefined Reference
    pwr_mgmt_data2$$Limit                     - Undefined Reference
    sdh_req_observers1$$Base                  - Undefined Reference
    sdh_req_observers1$$Limit                 - Undefined Reference
    sdh_stack_observers1$$Base                - Undefined Reference
    sdh_stack_observers1$$Limit               - Undefined Reference
    sdh_state_observers1$$Base                - Undefined Reference
    sdh_state_observers1$$Limit               - Undefined Reference
    __Vectors_Size                           0x00000200   Number         0  arm_startup_nrf52.o ABSOLUTE
    __Vectors                                0x00023000   Data           4  arm_startup_nrf52.o(RESET)
    __Vectors_End                            0x00023200   Data           0  arm_startup_nrf52.o(RESET)
    __main                                   0x00023201   Thumb Code     0  entry.o(.ARM.Collect$$$$00000000)
    _main_stk                                0x00023201   Thumb Code     0  entry2.o(.ARM.Collect$$$$00000001)
    _main_scatterload                        0x00023205   Thumb Code     0  entry5.o(.ARM.Collect$$$$00000004)
    __main_after_scatterload                 0x00023209   Thumb Code     0  entry5.o(.ARM.Collect$$$$00000004)
    _main_clock                              0x00023209   Thumb Code     0  entry7b.o(.ARM.Collect$$$$00000008)
    _main_cpp_init                           0x00023209   Thumb Code     0  entry8b.o(.ARM.Collect$$$$0000000A)
    _main_init                               0x00023209   Thumb Code     0  entry9a.o(.ARM.Collect$$$$0000000B)
    __rt_final_cpp                           0x00023211   Thumb Code     0  entry10a.o(.ARM.Collect$$$$0000000D)
    __rt_final_exit                          0x00023211   Thumb Code     0  entry11a.o(.ARM.Collect$$$$0000000F)
    __asm___12_nrf_memobj_c_9bb9f865__nrf_atomic_internal_mov 0x00023215   Thumb Code    24  nrf_memobj.o(.emb_text)
    __asm___12_nrf_memobj_c_9bb9f865__nrf_atomic_internal_orr 0x0002322d   Thumb Code    26  nrf_memobj.o(.emb_text)
    __asm___12_nrf_memobj_c_9bb9f865__nrf_atomic_internal_and 0x00023247   Thumb Code    26  nrf_memobj.o(.emb_text)
    __asm___12_nrf_memobj_c_9bb9f865__nrf_atomic_internal_eor 0x00023261   Thumb Code    26  nrf_memobj.o(.emb_text)
    __asm___12_nrf_memobj_c_9bb9f865__nrf_atomic_internal_add 0x0002327b   Thumb Code    26  nrf_memobj.o(.emb_text)
    __asm___12_nrf_memobj_c_9bb9f865__nrf_atomic_internal_sub 0x00023295   Thumb Code    26  nrf_memobj.o(.emb_text)
    __asm___18_nrf_log_frontend_c_bc460776__nrf_atomic_internal_mov 0x000232b1   Thumb Code    24  nrf_log_frontend.o(.emb_text)
    __asm___18_nrf_log_frontend_c_bc460776__nrf_atomic_internal_orr 0x000232c9   Thumb Code    26  nrf_log_frontend.o(.emb_text)
    __asm___18_nrf_log_frontend_c_bc460776__nrf_atomic_internal_and 0x000232e3   Thumb Code    26  nrf_log_frontend.o(.emb_text)
    __asm___18_nrf_log_frontend_c_bc460776__nrf_atomic_internal_eor 0x000232fd   Thumb Code    26  nrf_log_frontend.o(.emb_text)
    __asm___18_nrf_log_frontend_c_bc460776__nrf_atomic_internal_add 0x00023317   Thumb Code    26  nrf_log_frontend.o(.emb_text)
    __asm___18_nrf_log_frontend_c_bc460776__nrf_atomic_internal_sub 0x00023331   Thumb Code    26  nrf_log_frontend.o(.emb_text)
    Reset_Handler                            0x0002334d   Thumb Code     8  arm_startup_nrf52.o(.text)
    NMI_Handler                              0x00023355   Thumb Code     2  arm_startup_nrf52.o(.text)
    HardFault_Handler                        0x00023357   Thumb Code     2  arm_startup_nrf52.o(.text)
    MemoryManagement_Handler                 0x00023359   Thumb Code     2  arm_startup_nrf52.o(.text)
    BusFault_Handler                         0x0002335b   Thumb Code     2  arm_startup_nrf52.o(.text)
    UsageFault_Handler                       0x0002335d   Thumb Code     2  arm_startup_nrf52.o(.text)
    SVC_Handler                              0x0002335f   Thumb Code     2  arm_startup_nrf52.o(.text)
    DebugMon_Handler                         0x00023361   Thumb Code     2  arm_startup_nrf52.o(.text)
    PendSV_Handler                           0x00023363   Thumb Code     2  arm_startup_nrf52.o(.text)
    SysTick_Handler                          0x00023365   Thumb Code     2  arm_startup_nrf52.o(.text)
    CCM_AAR_IRQHandler                       0x00023367   Thumb Code     0  arm_startup_nrf52.o(.text)
    COMP_LPCOMP_IRQHandler                   0x00023367   Thumb Code     0  arm_startup_nrf52.o(.text)
    ECB_IRQHandler                           0x00023367   Thumb Code     0  arm_startup_nrf52.o(.text)
    FPU_IRQHandler                           0x00023367   Thumb Code     0  arm_startup_nrf52.o(.text)
    I2S_IRQHandler                           0x00023367   Thumb Code     0  arm_startup_nrf52.o(.text)
    MWU_IRQHandler                           0x00023367   Thumb Code     0  arm_startup_nrf52.o(.text)
    NFCT_IRQHandler                          0x00023367   Thumb Code     0  arm_startup_nrf52.o(.text)
    PDM_IRQHandler                           0x00023367   Thumb Code     0  arm_startup_nrf52.o(.text)
    PWM0_IRQHandler                          0x00023367   Thumb Code     0  arm_startup_nrf52.o(.text)
    PWM1_IRQHandler                          0x00023367   Thumb Code     0  arm_startup_nrf52.o(.text)
    PWM2_IRQHandler                          0x00023367   Thumb Code     0  arm_startup_nrf52.o(.text)
    QDEC_IRQHandler                          0x00023367   Thumb Code     0  arm_startup_nrf52.o(.text)
    RADIO_IRQHandler                         0x00023367   Thumb Code     0  arm_startup_nrf52.o(.text)
    RNG_IRQHandler                           0x00023367   Thumb Code     0  arm_startup_nrf52.o(.text)
    RTC0_IRQHandler                          0x00023367   Thumb Code     0  arm_startup_nrf52.o(.text)
    RTC2_IRQHandler                          0x00023367   Thumb Code     0  arm_startup_nrf52.o(.text)
    SAADC_IRQHandler                         0x00023367   Thumb Code     0  arm_startup_nrf52.o(.text)
    SPIM0_SPIS0_TWIM0_TWIS0_SPI0_TWI0_IRQHandler 0x00023367   Thumb Code     0  arm_startup_nrf52.o(.text)
    SPIM1_SPIS1_TWIM1_TWIS1_SPI1_TWI1_IRQHandler 0x00023367   Thumb Code     0  arm_startup_nrf52.o(.text)
    SPIM2_SPIS2_SPI2_IRQHandler              0x00023367   Thumb Code     0  arm_startup_nrf52.o(.text)
    SWI1_EGU1_IRQHandler                     0x00023367   Thumb Code     0  arm_startup_nrf52.o(.text)
    SWI3_EGU3_IRQHandler                     0x00023367   Thumb Code     0  arm_startup_nrf52.o(.text)
    SWI4_EGU4_IRQHandler                     0x00023367   Thumb Code     0  arm_startup_nrf52.o(.text)
    SWI5_EGU5_IRQHandler                     0x00023367   Thumb Code     0  arm_startup_nrf52.o(.text)
    TEMP_IRQHandler                          0x00023367   Thumb Code     0  arm_startup_nrf52.o(.text)
    TIMER0_IRQHandler                        0x00023367   Thumb Code     0  arm_startup_nrf52.o(.text)
    TIMER1_IRQHandler                        0x00023367   Thumb Code     0  arm_startup_nrf52.o(.text)
    TIMER2_IRQHandler                        0x00023367   Thumb Code     0  arm_startup_nrf52.o(.text)
    TIMER3_IRQHandler                        0x00023367   Thumb Code     0  arm_startup_nrf52.o(.text)
    TIMER4_IRQHandler                        0x00023367   Thumb Code     0  arm_startup_nrf52.o(.text)
    WDT_IRQHandler                           0x00023367   Thumb Code     0  arm_startup_nrf52.o(.text)
    __aeabi_uldivmod                         0x00023371   Thumb Code    98  uldiv.o(.text)
    __rt_ctype_table                         0x000233d5   Thumb Code     4  ctype_o.o(.text)
    __aeabi_memcpy                           0x000233dd   Thumb Code    36  memcpya.o(.text)
    __aeabi_memcpy4                          0x000233dd   Thumb Code     0  memcpya.o(.text)
    __aeabi_memcpy8                          0x000233dd   Thumb Code     0  memcpya.o(.text)
    __aeabi_memset                           0x00023401   Thumb Code    14  memseta.o(.text)
    __aeabi_memset4                          0x00023401   Thumb Code     0  memseta.o(.text)
    __aeabi_memset8                          0x00023401   Thumb Code     0  memseta.o(.text)
    __aeabi_memclr                           0x0002340f   Thumb Code     4  memseta.o(.text)
    __aeabi_memclr4                          0x0002340f   Thumb Code     0  memseta.o(.text)
    __aeabi_memclr8                          0x0002340f   Thumb Code     0  memseta.o(.text)
    _memset$wrapper                          0x00023413   Thumb Code    18  memseta.o(.text)
    strlen                                   0x00023425   Thumb Code    14  strlen.o(.text)
    strcpy                                   0x00023433   Thumb Code    18  strcpy.o(.text)
    __aeabi_llsl                             0x00023445   Thumb Code    30  llshl.o(.text)
    _ll_shift_l                              0x00023445   Thumb Code     0  llshl.o(.text)
    __aeabi_llsr                             0x00023463   Thumb Code    32  llushr.o(.text)
    _ll_ushift_r                             0x00023463   Thumb Code     0  llushr.o(.text)
    __scatterload                            0x00023485   Thumb Code    28  init.o(.text)
    __scatterload_rt2                        0x00023485   Thumb Code     0  init.o(.text)
    __decompress                             0x000234a9   Thumb Code     0  __dczerorl2.o(.text)
    __decompress1                            0x000234a9   Thumb Code    86  __dczerorl2.o(.text)
    GPIOTE_IRQHandler                        0x00023501   Thumb Code   362  nrf_drv_gpiote.o(i.GPIOTE_IRQHandler)
    POWER_CLOCK_IRQHandler                   0x000236d9   Thumb Code    84  nrf_drv_clock.o(i.POWER_CLOCK_IRQHandler)
    RTC1_IRQHandler                          0x00023731   Thumb Code    32  app_timer.o(i.RTC1_IRQHandler)
    SEGGER_RTT_Init                          0x00023755   Thumb Code     4  segger_rtt.o(i.SEGGER_RTT_Init)
    SEGGER_RTT_WriteNoLock                   0x00023759   Thumb Code    86  segger_rtt.o(i.SEGGER_RTT_WriteNoLock)
    SWI0_EGU0_IRQHandler                     0x000237b5   Thumb Code     4  app_timer.o(i.SWI0_EGU0_IRQHandler)
    SWI2_EGU2_IRQHandler                     0x000237b9   Thumb Code     4  nrf_sdh.o(i.SWI2_EGU2_IRQHandler)
    SystemInit                               0x000237bd   Thumb Code   700  system_nrf52.o(i.SystemInit)
    UARTE0_UART0_IRQHandler                  0x00023ab9   Thumb Code    20  nrf_drv_uart.o(i.UARTE0_UART0_IRQHandler)
    __scatterload_copy                       0x00023bef   Thumb Code    14  handlers.o(i.__scatterload_copy)
    __scatterload_null                       0x00023bfd   Thumb Code     2  handlers.o(i.__scatterload_null)
    __scatterload_zeroinit                   0x00023bff   Thumb Code    14  handlers.o(i.__scatterload_zeroinit)
    app_button_enable                        0x00023c6d   Thumb Code    32  app_button.o(i.app_button_enable)
    app_button_init                          0x00023c91   Thumb Code    96  app_button.o(i.app_button_init)
    app_error_fault_handler                  0x00023d01   Thumb Code    80  app_error_weak.o(i.app_error_fault_handler)
    app_error_handler_bare                   0x00023d79   Thumb Code    22  app_error.o(i.app_error_handler_bare)
    app_fifo_get                             0x00023d8f   Thumb Code    22  app_fifo.o(i.app_fifo_get)
    app_fifo_init                            0x00023da5   Thumb Code    32  app_fifo.o(i.app_fifo_init)
    app_fifo_put                             0x00023dc5   Thumb Code    26  app_fifo.o(i.app_fifo_put)
    app_timer_create                         0x00023de1   Thumb Code    32  app_timer.o(i.app_timer_create)
    app_timer_init                           0x00023e05   Thumb Code    70  app_timer.o(i.app_timer_init)
    app_timer_start                          0x00023e59   Thumb Code   128  app_timer.o(i.app_timer_start)
    app_timer_stop                           0x00023ee1   Thumb Code    26  app_timer.o(i.app_timer_stop)
    app_uart_get                             0x00023f01   Thumb Code    42  app_uart_fifo.o(i.app_uart_get)
    app_uart_init                            0x00023f35   Thumb Code   164  app_uart_fifo.o(i.app_uart_init)
    app_uart_put                             0x00023fe9   Thumb Code    52  app_uart_fifo.o(i.app_uart_put)
    app_util_critical_region_enter           0x00024025   Thumb Code    64  app_util_platform.o(i.app_util_critical_region_enter)
    app_util_critical_region_exit            0x0002406d   Thumb Code    46  app_util_platform.o(i.app_util_critical_region_exit)
    ble_advdata_encode                       0x00024159   Thumb Code   386  ble_advdata.o(i.ble_advdata_encode)
    ble_advdata_set                          0x000242db   Thumb Code   104  ble_advdata.o(i.ble_advdata_set)
    ble_advertising_conn_cfg_tag_set         0x00024343   Thumb Code     6  ble_advertising.o(i.ble_advertising_conn_cfg_tag_set)
    ble_advertising_init                     0x00024349   Thumb Code   310  ble_advertising.o(i.ble_advertising_init)
    ble_advertising_on_ble_evt               0x0002447f   Thumb Code   104  ble_advertising.o(i.ble_advertising_on_ble_evt)
    ble_advertising_on_sys_evt               0x000244e7   Thumb Code    50  ble_advertising.o(i.ble_advertising_on_sys_evt)
    ble_advertising_restart_without_whitelist 0x00024519   Thumb Code    60  ble_advertising.o(i.ble_advertising_restart_without_whitelist)
    ble_advertising_start                    0x00024555   Thumb Code   458  ble_advertising.o(i.ble_advertising_start)
    ble_conn_params_init                     0x00024721   Thumb Code    90  ble_conn_params.o(i.ble_conn_params_init)
    ble_nus_init                             0x00024bbd   Thumb Code    94  ble_nus.o(i.ble_nus_init)
    ble_nus_on_ble_evt                       0x00024c21   Thumb Code   136  ble_nus.o(i.ble_nus_on_ble_evt)
    ble_nus_string_send                      0x00024cad   Thumb Code    72  ble_nus.o(i.ble_nus_string_send)
    ble_srv_is_notification_enabled          0x00024cf5   Thumb Code     8  ble_srv_common.o(i.ble_srv_is_notification_enabled)
    bsp_board_button_idx_to_pin              0x00024cfd   Thumb Code     6  boards.o(i.bsp_board_button_idx_to_pin)
    bsp_board_button_state_get               0x00024d09   Thumb Code    28  boards.o(i.bsp_board_button_state_get)
    bsp_board_led_invert                     0x00024d29   Thumb Code    32  boards.o(i.bsp_board_led_invert)
    bsp_board_led_off                        0x00024d4d   Thumb Code    10  boards.o(i.bsp_board_led_off)
    bsp_board_led_on                         0x00024d5d   Thumb Code    10  boards.o(i.bsp_board_led_on)
    bsp_board_led_state_get                  0x00024d6d   Thumb Code    28  boards.o(i.bsp_board_led_state_get)
    bsp_board_leds_init                      0x00024d8d   Thumb Code    38  boards.o(i.bsp_board_leds_init)
    bsp_board_leds_off                       0x00024db9   Thumb Code    18  boards.o(i.bsp_board_leds_off)
    bsp_board_leds_on                        0x00024dcb   Thumb Code    18  boards.o(i.bsp_board_leds_on)
    bsp_board_pin_to_button_idx              0x00024ddd   Thumb Code    30  boards.o(i.bsp_board_pin_to_button_idx)
    bsp_btn_ble_init                         0x00024e01   Thumb Code    52  bsp_btn_ble.o(i.bsp_btn_ble_init)
    bsp_btn_ble_sleep_mode_prepare           0x00024e39   Thumb Code    30  bsp_btn_ble.o(i.bsp_btn_ble_sleep_mode_prepare)
    bsp_button_is_pressed                    0x00024ee9   Thumb Code     4  bsp.o(i.bsp_button_is_pressed)
    bsp_event_handler                        0x00024eed   Thumb Code    66  main.o(i.bsp_event_handler)
    bsp_event_to_button_action_assign        0x00024f39   Thumb Code    64  bsp.o(i.bsp_event_to_button_action_assign)
    bsp_indication_set                       0x00024f7d   Thumb Code    20  bsp.o(i.bsp_indication_set)
    bsp_init                                 0x00024f95   Thumb Code   126  bsp.o(i.bsp_init)
    bsp_wakeup_button_enable                 0x000251e1   Thumb Code    16  bsp.o(i.bsp_wakeup_button_enable)
    buffer_is_empty                          0x00025269   Thumb Code    16  nrf_log_frontend.o(i.buffer_is_empty)
    gatt_evt_handler                         0x00025645   Thumb Code    72  main.o(i.gatt_evt_handler)
    gatt_init                                0x000256ed   Thumb Code    38  main.o(i.gatt_init)
    main                                     0x00025af9   Thumb Code   404  main.o(i.main)
    nrf_balloc_alloc                         0x00025e9f   Thumb Code    68  nrf_balloc.o(i.nrf_balloc_alloc)
    nrf_balloc_free                          0x00025ee3   Thumb Code    48  nrf_balloc.o(i.nrf_balloc_free)
    nrf_balloc_init                          0x00025f13   Thumb Code    48  nrf_balloc.o(i.nrf_balloc_init)
    nrf_ble_gatt_att_mtu_periph_set          0x00025f53   Thumb Code    24  nrf_ble_gatt.o(i.nrf_ble_gatt_att_mtu_periph_set)
    nrf_ble_gatt_init                        0x00025f6b   Thumb Code    34  nrf_ble_gatt.o(i.nrf_ble_gatt_init)
    nrf_ble_gatt_on_ble_evt                  0x00025f8d   Thumb Code   168  nrf_ble_gatt.o(i.nrf_ble_gatt_on_ble_evt)
    nrf_drv_clock_init                       0x000260ed   Thumb Code    64  nrf_drv_clock.o(i.nrf_drv_clock_init)
    nrf_drv_clock_lfclk_release              0x00026135   Thumb Code    40  nrf_drv_clock.o(i.nrf_drv_clock_lfclk_release)
    nrf_drv_common_irq_enable                0x00026161   Thumb Code    56  nrf_drv_common.o(i.nrf_drv_common_irq_enable)
    nrf_drv_gpiote_in_event_enable           0x000261a1   Thumb Code   156  nrf_drv_gpiote.o(i.nrf_drv_gpiote_in_event_enable)
    nrf_drv_gpiote_in_init                   0x00026245   Thumb Code   172  nrf_drv_gpiote.o(i.nrf_drv_gpiote_in_init)
    nrf_drv_gpiote_in_is_set                 0x000262fd   Thumb Code    20  nrf_drv_gpiote.o(i.nrf_drv_gpiote_in_is_set)
    nrf_drv_gpiote_init                      0x00026311   Thumb Code    84  nrf_drv_gpiote.o(i.nrf_drv_gpiote_init)
    nrf_drv_gpiote_is_init                   0x0002636d   Thumb Code    14  nrf_drv_gpiote.o(i.nrf_drv_gpiote_is_init)
    nrf_drv_uart_init                        0x00026391   Thumb Code    98  nrf_drv_uart.o(i.nrf_drv_uart_init)
    nrf_drv_uart_rx                          0x000263f9   Thumb Code   170  nrf_drv_uart.o(i.nrf_drv_uart_rx)
    nrf_drv_uart_rx_enable                   0x000264a9   Thumb Code    42  nrf_drv_uart.o(i.nrf_drv_uart_rx_enable)
    nrf_drv_uart_tx                          0x00026631   Thumb Code   262  nrf_drv_uart.o(i.nrf_drv_uart_tx)
    nrf_drv_uart_tx_in_progress              0x0002673d   Thumb Code    18  nrf_drv_uart.o(i.nrf_drv_uart_tx_in_progress)
    nrf_fprintf                              0x00026755   Thumb Code    26  nrf_fprintf.o(i.nrf_fprintf)
    nrf_fprintf_buffer_flush                 0x0002676f   Thumb Code    24  nrf_fprintf.o(i.nrf_fprintf_buffer_flush)
    nrf_fprintf_fmt                          0x00026787   Thumb Code   474  nrf_fprintf_format.o(i.nrf_fprintf_fmt)
    nrf_fstorage_is_busy                     0x00026961   Thumb Code    70  nrf_fstorage.o(i.nrf_fstorage_is_busy)
    nrf_fstorage_sdh_req_handler             0x000269b1   Thumb Code    28  nrf_fstorage_sd.o(i.nrf_fstorage_sdh_req_handler)
    nrf_fstorage_sdh_state_handler           0x000269d1   Thumb Code    28  nrf_fstorage_sd.o(i.nrf_fstorage_sdh_state_handler)
    nrf_fstorage_sys_evt_handler             0x000269f1   Thumb Code   176  nrf_fstorage_sd.o(i.nrf_fstorage_sys_evt_handler)
    nrf_log_backend_add                      0x00026be1   Thumb Code   100  nrf_log_frontend.o(i.nrf_log_backend_add)
    nrf_log_backend_rtt_init                 0x00026c4b   Thumb Code     4  nrf_log_backend_rtt.o(i.nrf_log_backend_rtt_init)
    nrf_log_backend_serial_put               0x00026c69   Thumb Code   210  nrf_log_backend_serial.o(i.nrf_log_backend_serial_put)
    nrf_log_color_id_get                     0x00026d3d   Thumb Code    34  nrf_log_frontend.o(i.nrf_log_color_id_get)
    nrf_log_default_backends_init            0x00026d65   Thumb Code    22  nrf_log_default_backends.o(i.nrf_log_default_backends_init)
    nrf_log_frontend_dequeue                 0x00026d81   Thumb Code   414  nrf_log_frontend.o(i.nrf_log_frontend_dequeue)
    nrf_log_frontend_hexdump                 0x00026f2d   Thumb Code   172  nrf_log_frontend.o(i.nrf_log_frontend_hexdump)
    nrf_log_frontend_std_0                   0x00026fdd   Thumb Code     8  nrf_log_frontend.o(i.nrf_log_frontend_std_0)
    nrf_log_frontend_std_1                   0x00026fe5   Thumb Code    14  nrf_log_frontend.o(i.nrf_log_frontend_std_1)
    nrf_log_frontend_std_2                   0x00026ff3   Thumb Code    16  nrf_log_frontend.o(i.nrf_log_frontend_std_2)
    nrf_log_frontend_std_3                   0x00027003   Thumb Code    18  nrf_log_frontend.o(i.nrf_log_frontend_std_3)
    nrf_log_hexdump_entry_process            0x00027015   Thumb Code   146  nrf_log_str_formatter.o(i.nrf_log_hexdump_entry_process)
    nrf_log_init                             0x000270c1   Thumb Code    70  nrf_log_frontend.o(i.nrf_log_init)
    nrf_log_module_cnt_get                   0x0002711d   Thumb Code    10  nrf_log_frontend.o(i.nrf_log_module_cnt_get)
    nrf_log_module_filter_get                0x00027131   Thumb Code    32  nrf_log_frontend.o(i.nrf_log_module_filter_get)
    nrf_log_module_name_get                  0x00027155   Thumb Code    24  nrf_log_frontend.o(i.nrf_log_module_name_get)
    nrf_log_panic                            0x00027171   Thumb Code    34  nrf_log_frontend.o(i.nrf_log_panic)
    nrf_log_std_entry_process                0x00027199   Thumb Code   182  nrf_log_str_formatter.o(i.nrf_log_std_entry_process)
    nrf_memobj_alloc                         0x0002724f   Thumb Code    96  nrf_memobj.o(i.nrf_memobj_alloc)
    nrf_memobj_free                          0x000272af   Thumb Code    50  nrf_memobj.o(i.nrf_memobj_free)
    nrf_memobj_get                           0x000272e1   Thumb Code    14  nrf_memobj.o(i.nrf_memobj_get)
    nrf_memobj_pool_init                     0x000272ef   Thumb Code     4  nrf_memobj.o(i.nrf_memobj_pool_init)
    nrf_memobj_put                           0x000272f3   Thumb Code    34  nrf_memobj.o(i.nrf_memobj_put)
    nrf_memobj_read                          0x00027315   Thumb Code    12  nrf_memobj.o(i.nrf_memobj_read)
    nrf_memobj_write                         0x00027321   Thumb Code    12  nrf_memobj.o(i.nrf_memobj_write)
    nrf_sdh_ble_app_ram_start_get            0x0002732d   Thumb Code    16  nrf_sdh_ble.o(i.nrf_sdh_ble_app_ram_start_get)
    nrf_sdh_ble_default_cfg_set              0x00027341   Thumb Code   312  nrf_sdh_ble.o(i.nrf_sdh_ble_default_cfg_set)
    nrf_sdh_ble_enable                       0x00027499   Thumb Code    92  nrf_sdh_ble.o(i.nrf_sdh_ble_enable)
    nrf_sdh_disable_request                  0x000275b9   Thumb Code    60  nrf_sdh.o(i.nrf_sdh_disable_request)
    nrf_sdh_enable_request                   0x000275f9   Thumb Code    74  nrf_sdh.o(i.nrf_sdh_enable_request)
    nrf_sdh_evts_poll                        0x00027651   Thumb Code    32  nrf_sdh.o(i.nrf_sdh_evts_poll)
    nrf_sdh_is_enabled                       0x00027675   Thumb Code     6  nrf_sdh.o(i.nrf_sdh_is_enabled)
    nrf_sdh_request_continue                 0x00027681   Thumb Code    22  nrf_sdh.o(i.nrf_sdh_request_continue)
    nrf_section_iter_init                    0x000276d9   Thumb Code    10  nrf_section_iter.o(i.nrf_section_iter_init)
    nrf_section_iter_next                    0x00027707   Thumb Code    32  nrf_section_iter.o(i.nrf_section_iter_next)
    nrf_strerror_find                        0x00027729   Thumb Code    52  nrf_strerror.o(i.nrf_strerror_find)
    nrf_strerror_get                         0x00027761   Thumb Code    14  nrf_strerror.o(i.nrf_strerror_get)
    sdk_mapped_flags_bulk_update_by_key      0x0002817d   Thumb Code    68  sdk_mapped_flags.o(i.sdk_mapped_flags_bulk_update_by_key)
    sdk_mapped_flags_first_key_index_get     0x000281c1   Thumb Code    34  sdk_mapped_flags.o(i.sdk_mapped_flags_first_key_index_get)
    sdk_mapped_flags_key_list_get            0x000281f3   Thumb Code    74  sdk_mapped_flags.o(i.sdk_mapped_flags_key_list_get)
    sdk_mapped_flags_update_by_key           0x0002823d   Thumb Code    14  sdk_mapped_flags.o(i.sdk_mapped_flags_update_by_key)
    uart_event_handle_BLE                    0x000286d1   Thumb Code   128  main.o(i.uart_event_handle_BLE)
    nrf_log_backend_rtt_api                  0x00028e14   Data          12  nrf_log_backend_rtt.o(.constdata)
    m_ram_start                              0x00028ea4   Data           4  nrf_sdh_ble.o(.constdata)
    __ctype_table                            0x00028ed4   Data         129  ctype_o.o(.constdata)
    Region$$Table$$Base                      0x000296c4   Number         0  anon$$obj.o(Region$$Table)
    Region$$Table$$Limit                     0x000296e4   Number         0  anon$$obj.o(Region$$Table)
    log_const_data$$Base                     0x000296e4   Number         0  nrf_ble_gatt.o(log_const_data)
    m_nrf_log_ble_gatt_logs_data_const       0x000296e4   Data           8  nrf_ble_gatt.o(log_const_data)
    m_nrf_log_clock_logs_data_const          0x000296ec   Data           8  nrf_drv_clock.o(log_const_data)
    m_nrf_log_gpiote_logs_data_const         0x000296f4   Data           8  nrf_drv_gpiote.o(log_const_data)
    m_nrf_log_uart_logs_data_const           0x000296fc   Data           8  nrf_drv_uart.o(log_const_data)
    m_nrf_log_balloc_logs_data_const         0x00029704   Data           8  nrf_balloc.o(log_const_data)
    m_nrf_log_pwr_mgmt_logs_data_const       0x0002970c   Data           8  nrf_pwr_mgmt.o(log_const_data)
    m_nrf_log_app_logs_data_const            0x00029714   Data           8  nrf_log_frontend.o(log_const_data)
    m_nrf_log_nrf_sdh_logs_data_const        0x0002971c   Data           8  nrf_sdh.o(log_const_data)
    m_nrf_log_nrf_sdh_ble_logs_data_const    0x00029724   Data           8  nrf_sdh_ble.o(log_const_data)
    m_nrf_log_nrf_sdh_soc_logs_data_const    0x0002972c   Data           8  nrf_sdh_soc.o(log_const_data)
    log_const_data$$Limit                    0x00029734   Number         0  nrf_sdh_soc.o(log_const_data)
    sdh_ble_observers0$$Base                 0x00029734   Number         0  ble_conn_state.o(sdh_ble_observers0)
    sdh_ble_observers0$$Limit                0x0002973c   Number         0  ble_conn_state.o(sdh_ble_observers0)
    sdh_ble_observers1$$Base                 0x0002973c   Number         0  main.o(sdh_ble_observers1)
    sdh_ble_observers1$$Limit                0x0002974c   Number         0  bsp_btn_ble.o(sdh_ble_observers1)
    sdh_ble_observers2$$Base                 0x0002974c   Number         0  main.o(sdh_ble_observers2)
    m_req_obs                                0x0002976c   Data           8  nrf_fstorage_sd.o(sdh_req_observers0)
    sdh_ble_observers2$$Limit                0x0002976c   Number         0  ble_conn_params.o(sdh_ble_observers2)
    sdh_req_observers0$$Base                 0x0002976c   Number         0  nrf_fstorage_sd.o(sdh_req_observers0)
    sdh_req_observers0$$Limit                0x00029774   Number         0  nrf_fstorage_sd.o(sdh_req_observers0)
    sdh_soc_observers0$$Base                 0x00029774   Number         0  nrf_drv_clock.o(sdh_soc_observers0)
    sdh_soc_observers0$$Limit                0x00029784   Number         0  nrf_fstorage_sd.o(sdh_soc_observers0)
    sdh_soc_observers1$$Base                 0x00029784   Number         0  main.o(sdh_soc_observers1)
    sdh_soc_observers1$$Limit                0x0002978c   Number         0  main.o(sdh_soc_observers1)
    sdh_stack_observers0$$Base               0x0002978c   Number         0  nrf_sdh_ble.o(sdh_stack_observers0)
    sdh_stack_observers0$$Limit              0x0002979c   Number         0  nrf_sdh_soc.o(sdh_stack_observers0)
    sdh_state_observers0$$Base               0x0002979c   Number         0  nrf_drv_clock.o(sdh_state_observers0)
    sdh_state_observers0$$Limit              0x000297ac   Number         0  nrf_fstorage_sd.o(sdh_state_observers0)
    Image$$RW_IRAM1$$Base                    0x20002a68   Number         0  anon$$obj.o ABSOLUTE
    SystemCoreClock                          0x20002b2c   Data           4  system_nrf52.o(.data)
    log_dynamic_data$$Base                   0x20002b30   Number         0  nrf_ble_gatt.o(log_dynamic_data)
    m_nrf_log_ble_gatt_logs_data_dynamic     0x20002b30   Data          12  nrf_ble_gatt.o(log_dynamic_data)
    m_nrf_log_clock_logs_data_dynamic        0x20002b3c   Data          12  nrf_drv_clock.o(log_dynamic_data)
    m_nrf_log_gpiote_logs_data_dynamic       0x20002b48   Data          12  nrf_drv_gpiote.o(log_dynamic_data)
    m_nrf_log_uart_logs_data_dynamic         0x20002b54   Data          12  nrf_drv_uart.o(log_dynamic_data)
    m_nrf_log_balloc_logs_data_dynamic       0x20002b60   Data          12  nrf_balloc.o(log_dynamic_data)
    m_nrf_log_pwr_mgmt_logs_data_dynamic     0x20002b6c   Data          12  nrf_pwr_mgmt.o(log_dynamic_data)
    m_nrf_log_app_logs_data_dynamic          0x20002b78   Data          12  nrf_log_frontend.o(log_dynamic_data)
    m_nrf_log_nrf_sdh_logs_data_dynamic      0x20002b84   Data          12  nrf_sdh.o(log_dynamic_data)
    m_nrf_log_nrf_sdh_ble_logs_data_dynamic  0x20002b90   Data          12  nrf_sdh_ble.o(log_dynamic_data)
    m_nrf_log_nrf_sdh_soc_logs_data_dynamic  0x20002b9c   Data          12  nrf_sdh_soc.o(log_dynamic_data)
    nrf_nvic_state                           0x200032f0   Data          12  app_util_platform.o(.bss)
    _SEGGER_RTT                              0x20003894   Data         120  segger_rtt.o(.bss)
    __initial_sp                             0x20005b20   Data           0  arm_startup_nrf52.o(STACK)



==============================================================================

Memory Map of the image

  Image Entry point : 0x00023201

  Load Region LR_IROM1 (Base: 0x00023000, Size: 0x000068ec, Max: 0x0005d000, ABSOLUTE, COMPRESSED[0x000067f0])

    Execution Region ER_IROM1 (Base: 0x00023000, Size: 0x000067ac, Max: 0x0005d000, ABSOLUTE)

    Base Addr    Size         Type   Attr      Idx    E Section Name        Object

    0x00023000   0x00000200   Data   RO         4050    RESET               arm_startup_nrf52.o
    0x00023200   0x00000000   Code   RO         4091  * .ARM.Collect$$$$00000000  mc_w.l(entry.o)
    0x00023200   0x00000004   Code   RO         4134    .ARM.Collect$$$$00000001  mc_w.l(entry2.o)
    0x00023204   0x00000004   Code   RO         4137    .ARM.Collect$$$$00000004  mc_w.l(entry5.o)
    0x00023208   0x00000000   Code   RO         4139    .ARM.Collect$$$$00000008  mc_w.l(entry7b.o)
    0x00023208   0x00000000   Code   RO         4141    .ARM.Collect$$$$0000000A  mc_w.l(entry8b.o)
    0x00023208   0x00000008   Code   RO         4142    .ARM.Collect$$$$0000000B  mc_w.l(entry9a.o)
    0x00023210   0x00000000   Code   RO         4144    .ARM.Collect$$$$0000000D  mc_w.l(entry10a.o)
    0x00023210   0x00000000   Code   RO         4146    .ARM.Collect$$$$0000000F  mc_w.l(entry11a.o)
    0x00023210   0x00000004   Code   RO         4135    .ARM.Collect$$$$00002712  mc_w.l(entry2.o)
    0x00023214   0x0000009a   Code   RO         2902    .emb_text           nrf_memobj.o
    0x000232ae   0x00000002   PAD
    0x000232b0   0x0000009a   Code   RO         3372    .emb_text           nrf_log_frontend.o
    0x0002334a   0x00000002   PAD
    0x0002334c   0x00000024   Code   RO         4051    .text               arm_startup_nrf52.o
    0x00023370   0x00000062   Code   RO         4094    .text               mc_w.l(uldiv.o)
    0x000233d2   0x00000002   PAD
    0x000233d4   0x00000008   Code   RO         4096    .text               mc_w.l(ctype_o.o)
    0x000233dc   0x00000024   Code   RO         4124    .text               mc_w.l(memcpya.o)
    0x00023400   0x00000024   Code   RO         4126    .text               mc_w.l(memseta.o)
    0x00023424   0x0000000e   Code   RO         4128    .text               mc_w.l(strlen.o)
    0x00023432   0x00000012   Code   RO         4130    .text               mc_w.l(strcpy.o)
    0x00023444   0x0000001e   Code   RO         4148    .text               mc_w.l(llshl.o)
    0x00023462   0x00000020   Code   RO         4150    .text               mc_w.l(llushr.o)
    0x00023482   0x00000002   PAD
    0x00023484   0x00000024   Code   RO         4152    .text               mc_w.l(init.o)
    0x000234a8   0x00000056   Code   RO         4162    .text               mc_w.l(__dczerorl2.o)
    0x000234fe   0x00000002   PAD
    0x00023500   0x00000174   Code   RO         1471    i.GPIOTE_IRQHandler  nrf_drv_gpiote.o
    0x00023674   0x00000016   Code   RO         2212    i.NVIC_ClearPendingIRQ  app_timer.o
    0x0002368a   0x00000016   Code   RO         2213    i.NVIC_EnableIRQ    app_timer.o
    0x000236a0   0x00000016   Code   RO         2214    i.NVIC_SetPendingIRQ  app_timer.o
    0x000236b6   0x00000020   Code   RO         2215    i.NVIC_SetPriority  app_timer.o
    0x000236d6   0x00000002   PAD
    0x000236d8   0x00000058   Code   RO         1265    i.POWER_CLOCK_IRQHandler  nrf_drv_clock.o
    0x00023730   0x00000024   Code   RO         2216    i.RTC1_IRQHandler   app_timer.o
    0x00023754   0x00000004   Code   RO         3618    i.SEGGER_RTT_Init   segger_rtt.o
    0x00023758   0x0000005c   Code   RO         3629    i.SEGGER_RTT_WriteNoLock  segger_rtt.o
    0x000237b4   0x00000004   Code   RO         2217    i.SWI0_EGU0_IRQHandler  app_timer.o
    0x000237b8   0x00000004   Code   RO         3842    i.SWI2_EGU2_IRQHandler  nrf_sdh.o
    0x000237bc   0x000002fc   Code   RO         4059    i.SystemInit        system_nrf52.o
    0x00023ab8   0x0000001c   Code   RO         1718    i.UARTE0_UART0_IRQHandler  nrf_drv_uart.o
    0x00023ad4   0x00000068   Code   RO         3633    i._DoInit           segger_rtt.o
    0x00023b3c   0x00000016   Code   RO         3634    i._GetAvailWriteSpace  segger_rtt.o
    0x00023b52   0x0000005a   Code   RO         3636    i._WriteBlocking    segger_rtt.o
    0x00023bac   0x00000042   Code   RO         3637    i._WriteNoCheck     segger_rtt.o
    0x00023bee   0x0000000e   Code   RO         4156    i.__scatterload_copy  mc_w.l(handlers.o)
    0x00023bfc   0x00000002   Code   RO         4157    i.__scatterload_null  mc_w.l(handlers.o)
    0x00023bfe   0x0000000e   Code   RO         4158    i.__scatterload_zeroinit  mc_w.l(handlers.o)
    0x00023c0c   0x00000024   Code   RO         3843    i.__sd_nvic_app_accessible_irq  nrf_sdh.o
    0x00023c30   0x00000036   Code   RO          571    i.advertising_buttons_configure  bsp_btn_ble.o
    0x00023c66   0x00000006   Code   RO          451    i.alert_timer_handler  bsp.o
    0x00023c6c   0x00000024   Code   RO         1950    i.app_button_enable  app_button.o
    0x00023c90   0x00000070   Code   RO         1951    i.app_button_init   app_button.o
    0x00023d00   0x00000078   Code   RO         2051    i.app_error_fault_handler  app_error_weak.o
    0x00023d78   0x00000016   Code   RO         2012    i.app_error_handler_bare  app_error.o
    0x00023d8e   0x00000016   Code   RO         2089    i.app_fifo_get      app_fifo.o
    0x00023da4   0x00000020   Code   RO         2090    i.app_fifo_init     app_fifo.o
    0x00023dc4   0x0000001a   Code   RO         2092    i.app_fifo_put      app_fifo.o
    0x00023dde   0x00000002   PAD
    0x00023de0   0x00000024   Code   RO         2220    i.app_timer_create  app_timer.o
    0x00023e04   0x00000054   Code   RO         2221    i.app_timer_init    app_timer.o
    0x00023e58   0x00000088   Code   RO         2224    i.app_timer_start   app_timer.o
    0x00023ee0   0x00000020   Code   RO         2225    i.app_timer_stop    app_timer.o
    0x00023f00   0x00000034   Code   RO         2383    i.app_uart_get      app_uart_fifo.o
    0x00023f34   0x000000b4   Code   RO         2384    i.app_uart_init     app_uart_fifo.o
    0x00023fe8   0x0000003c   Code   RO         2385    i.app_uart_put      app_uart_fifo.o
    0x00024024   0x00000048   Code   RO         2441    i.app_util_critical_region_enter  app_util_platform.o
    0x0002406c   0x00000034   Code   RO         2442    i.app_util_critical_region_exit  app_util_platform.o
    0x000240a0   0x000000b8   Code   RO         1719    i.apply_config      nrf_drv_uart.o
    0x00024158   0x00000182   Code   RO          656    i.ble_advdata_encode  ble_advdata.o
    0x000242da   0x00000068   Code   RO          657    i.ble_advdata_set   ble_advdata.o
    0x00024342   0x00000006   Code   RO          733    i.ble_advertising_conn_cfg_tag_set  ble_advertising.o
    0x00024348   0x00000136   Code   RO          734    i.ble_advertising_init  ble_advertising.o
    0x0002447e   0x00000068   Code   RO          736    i.ble_advertising_on_ble_evt  ble_advertising.o
    0x000244e6   0x00000032   Code   RO          737    i.ble_advertising_on_sys_evt  ble_advertising.o
    0x00024518   0x0000003c   Code   RO          739    i.ble_advertising_restart_without_whitelist  ble_advertising.o
    0x00024554   0x000001ca   Code   RO          740    i.ble_advertising_start  ble_advertising.o
    0x0002471e   0x00000002   PAD
    0x00024720   0x00000068   Code   RO          812    i.ble_conn_params_init  ble_conn_params.o
    0x00024788   0x00000060   Code   RO          658    i.ble_device_addr_encode  ble_advdata.o
    0x000247e8   0x0000015c   Code   RO            5    i.ble_evt_handler   main.o
    0x00024944   0x00000070   Code   RO          572    i.ble_evt_handler   bsp_btn_ble.o
    0x000249b4   0x000000fc   Code   RO          814    i.ble_evt_handler   ble_conn_params.o
    0x00024ab0   0x0000010c   Code   RO          905    i.ble_evt_handler   ble_conn_state.o
    0x00024bbc   0x00000064   Code   RO         1215    i.ble_nus_init      ble_nus.o
    0x00024c20   0x0000008c   Code   RO         1216    i.ble_nus_on_ble_evt  ble_nus.o
    0x00024cac   0x00000048   Code   RO         1217    i.ble_nus_string_send  ble_nus.o
    0x00024cf4   0x00000008   Code   RO         1041    i.ble_srv_is_notification_enabled  ble_srv_common.o
    0x00024cfc   0x0000000c   Code   RO          335    i.bsp_board_button_idx_to_pin  boards.o
    0x00024d08   0x00000020   Code   RO          336    i.bsp_board_button_state_get  boards.o
    0x00024d28   0x00000024   Code   RO          339    i.bsp_board_led_invert  boards.o
    0x00024d4c   0x00000010   Code   RO          340    i.bsp_board_led_off  boards.o
    0x00024d5c   0x00000010   Code   RO          341    i.bsp_board_led_on  boards.o
    0x00024d6c   0x00000020   Code   RO          342    i.bsp_board_led_state_get  boards.o
    0x00024d8c   0x0000002c   Code   RO          343    i.bsp_board_leds_init  boards.o
    0x00024db8   0x00000012   Code   RO          344    i.bsp_board_leds_off  boards.o
    0x00024dca   0x00000012   Code   RO          345    i.bsp_board_leds_on  boards.o
    0x00024ddc   0x00000024   Code   RO          346    i.bsp_board_pin_to_button_idx  boards.o
    0x00024e00   0x00000038   Code   RO          573    i.bsp_btn_ble_init  bsp_btn_ble.o
    0x00024e38   0x0000001e   Code   RO          574    i.bsp_btn_ble_sleep_mode_prepare  bsp_btn_ble.o
    0x00024e56   0x00000002   PAD
    0x00024e58   0x00000090   Code   RO          452    i.bsp_button_event_handler  bsp.o
    0x00024ee8   0x00000004   Code   RO          453    i.bsp_button_is_pressed  bsp.o
    0x00024eec   0x0000004c   Code   RO            6    i.bsp_event_handler  main.o
    0x00024f38   0x00000044   Code   RO          456    i.bsp_event_to_button_action_assign  bsp.o
    0x00024f7c   0x00000018   Code   RO          457    i.bsp_indication_set  bsp.o
    0x00024f94   0x00000094   Code   RO          458    i.bsp_init          bsp.o
    0x00025028   0x000001b8   Code   RO          459    i.bsp_led_indication  bsp.o
    0x000251e0   0x00000010   Code   RO          461    i.bsp_wakeup_button_enable  bsp.o
    0x000251f0   0x00000058   Code   RO         3373    i.buf_prealloc      nrf_log_frontend.o
    0x00025248   0x0000001e   Code   RO         2711    i.buffer_add        nrf_fprintf_format.o
    0x00025266   0x00000002   PAD
    0x00025268   0x00000014   Code   RO         3374    i.buffer_is_empty   nrf_log_frontend.o
    0x0002527c   0x00000008   Code   RO          462    i.button_timer_handler  bsp.o
    0x00025284   0x0000001c   Code   RO         1472    i.channel_free      nrf_drv_gpiote.o
    0x000252a0   0x00000048   Code   RO         1473    i.channel_port_alloc  nrf_drv_gpiote.o
    0x000252e8   0x00000010   Code   RO         1474    i.channel_port_get  nrf_drv_gpiote.o
    0x000252f8   0x00000028   Code   RO         1266    i.clock_clk_started_notify  nrf_drv_clock.o
    0x00025320   0x000000ac   Code   RO         2227    i.compare_reg_update  app_timer.o
    0x000253cc   0x00000088   Code   RO          659    i.conn_int_encode   ble_advdata.o
    0x00025454   0x00000004   Code   RO            7    i.conn_params_error_handler  main.o
    0x00025458   0x00000048   Code   RO          815    i.conn_params_negotiation  ble_conn_params.o
    0x000254a0   0x00000090   Code   RO         1098    i.data_length_update  nrf_ble_gatt.o
    0x00025530   0x00000060   Code   RO         1953    i.detection_delay_timeout_handler  app_button.o
    0x00025590   0x00000040   Code   RO         2228    i.elapsed_ticks_acquire  app_timer.o
    0x000255d0   0x0000004e   Code   RO         2805    i.event_send        nrf_fstorage_sd.o
    0x0002561e   0x00000014   Code   RO         2095    i.fifo_get          app_fifo.o
    0x00025632   0x00000012   Code   RO         2096    i.fifo_put          app_fifo.o
    0x00025644   0x000000a8   Code   RO            8    i.gatt_evt_handler  main.o
    0x000256ec   0x00000030   Code   RO            9    i.gatt_init         main.o
    0x0002571c   0x00000058   Code   RO         1954    i.gpiote_event_handler  app_button.o
    0x00025774   0x00000014   Code   RO          816    i.instance_get      ble_conn_params.o
    0x00025788   0x000000a6   Code   RO         2712    i.int_print         nrf_fprintf_format.o
    0x0002582e   0x00000002   PAD
    0x00025830   0x00000078   Code   RO         1720    i.interrupts_enable  nrf_drv_uart.o
    0x000258a8   0x00000044   Code   RO          817    i.is_conn_params_ok  ble_conn_params.o
    0x000258ec   0x00000030   Code   RO          463    i.leds_off          bsp.o
    0x0002591c   0x00000014   Code   RO          464    i.leds_timer_handler  bsp.o
    0x00025930   0x00000028   Code   RO         1269    i.lfclk_stop        nrf_drv_clock.o
    0x00025958   0x00000018   Code   RO         1099    i.link_init         nrf_ble_gatt.o
    0x00025970   0x000000f8   Code   RO         2229    i.list_insertions_handler  app_timer.o
    0x00025a68   0x00000090   Code   RO         3375    i.log_skip          nrf_log_frontend.o
    0x00025af8   0x000001dc   Code   RO           10    i.main              main.o
    0x00025cd4   0x00000064   Code   RO          660    i.manuf_specific_data_encode  ble_advdata.o
    0x00025d38   0x00000076   Code   RO         2903    i.memobj_op         nrf_memobj.o
    0x00025dae   0x00000002   PAD
    0x00025db0   0x00000038   Code   RO         3376    i.module_idx_get    nrf_log_frontend.o
    0x00025de8   0x0000009c   Code   RO          661    i.name_encode       ble_advdata.o
    0x00025e84   0x0000000c   Code   RO         3377    i.nrf_atomic_flag_clear_fetch  nrf_log_frontend.o
    0x00025e90   0x0000000e   Code   RO         3378    i.nrf_atomic_flag_set  nrf_log_frontend.o
    0x00025e9e   0x00000044   Code   RO         2627    i.nrf_balloc_alloc  nrf_balloc.o
    0x00025ee2   0x00000030   Code   RO         2628    i.nrf_balloc_free   nrf_balloc.o
    0x00025f12   0x00000030   Code   RO         2629    i.nrf_balloc_init   nrf_balloc.o
    0x00025f42   0x00000010   Code   RO         1475    i.nrf_bitmask_bit_is_set  nrf_drv_gpiote.o
    0x00025f52   0x00000018   Code   RO         1101    i.nrf_ble_gatt_att_mtu_periph_set  nrf_ble_gatt.o
    0x00025f6a   0x00000022   Code   RO         1105    i.nrf_ble_gatt_init  nrf_ble_gatt.o
    0x00025f8c   0x000000b4   Code   RO         1106    i.nrf_ble_gatt_on_ble_evt  nrf_ble_gatt.o
    0x00026040   0x0000000e   Code   RO         1270    i.nrf_clock_event_check  nrf_drv_clock.o
    0x0002604e   0x00000010   Code   RO         1271    i.nrf_clock_event_clear  nrf_drv_clock.o
    0x0002605e   0x00000002   PAD
    0x00026060   0x0000008c   Code   RO         2230    i.nrf_delay_us      app_timer.o
    0x000260ec   0x00000048   Code   RO         1278    i.nrf_drv_clock_init  nrf_drv_clock.o
    0x00026134   0x0000002c   Code   RO         1282    i.nrf_drv_clock_lfclk_release  nrf_drv_clock.o
    0x00026160   0x00000038   Code   RO         1435    i.nrf_drv_common_irq_enable  nrf_drv_common.o
    0x00026198   0x00000006   Code   RO         1722    i.nrf_drv_get_IRQn  nrf_drv_uart.o
    0x0002619e   0x00000002   PAD
    0x000261a0   0x000000a4   Code   RO         1480    i.nrf_drv_gpiote_in_event_enable  nrf_drv_gpiote.o
    0x00026244   0x000000b8   Code   RO         1481    i.nrf_drv_gpiote_in_init  nrf_drv_gpiote.o
    0x000262fc   0x00000014   Code   RO         1482    i.nrf_drv_gpiote_in_is_set  nrf_drv_gpiote.o
    0x00026310   0x0000005c   Code   RO         1484    i.nrf_drv_gpiote_init  nrf_drv_gpiote.o
    0x0002636c   0x00000014   Code   RO         1485    i.nrf_drv_gpiote_is_init  nrf_drv_gpiote.o
    0x00026380   0x00000010   Code   RO         1723    i.nrf_drv_is_in_RAM  nrf_drv_uart.o
    0x00026390   0x00000068   Code   RO         1725    i.nrf_drv_uart_init  nrf_drv_uart.o
    0x000263f8   0x000000b0   Code   RO         1726    i.nrf_drv_uart_rx   nrf_drv_uart.o
    0x000264a8   0x00000030   Code   RO         1729    i.nrf_drv_uart_rx_enable  nrf_drv_uart.o
    0x000264d8   0x000000a8   Code   RO         1730    i.nrf_drv_uart_rx_for_uart  nrf_drv_uart.o
    0x00026580   0x000000b0   Code   RO         1731    i.nrf_drv_uart_rx_for_uarte  nrf_drv_uart.o
    0x00026630   0x0000010c   Code   RO         1733    i.nrf_drv_uart_tx   nrf_drv_uart.o
    0x0002673c   0x00000018   Code   RO         1735    i.nrf_drv_uart_tx_in_progress  nrf_drv_uart.o
    0x00026754   0x0000001a   Code   RO         2668    i.nrf_fprintf       nrf_fprintf.o
    0x0002676e   0x00000018   Code   RO         2669    i.nrf_fprintf_buffer_flush  nrf_fprintf.o
    0x00026786   0x000001da   Code   RO         2713    i.nrf_fprintf_fmt   nrf_fprintf_format.o
    0x00026960   0x00000050   Code   RO         2752    i.nrf_fstorage_is_busy  nrf_fstorage.o
    0x000269b0   0x00000020   Code   RO         2808    i.nrf_fstorage_sdh_req_handler  nrf_fstorage_sd.o
    0x000269d0   0x00000020   Code   RO         2809    i.nrf_fstorage_sdh_state_handler  nrf_fstorage_sd.o
    0x000269f0   0x000000b8   Code   RO         2810    i.nrf_fstorage_sys_evt_handler  nrf_fstorage_sd.o
    0x00026aa8   0x00000024   Code   RO          348    i.nrf_gpio_cfg      boards.o
    0x00026acc   0x00000024   Code   RO         1499    i.nrf_gpio_cfg      nrf_drv_gpiote.o
    0x00026af0   0x00000024   Code   RO         1737    i.nrf_gpio_cfg      nrf_drv_uart.o
    0x00026b14   0x00000012   Code   RO         1739    i.nrf_gpio_cfg_input  nrf_drv_uart.o
    0x00026b26   0x00000014   Code   RO         1740    i.nrf_gpio_cfg_output  nrf_drv_uart.o
    0x00026b3a   0x00000022   Code   RO          465    i.nrf_gpio_cfg_sense_set  bsp.o
    0x00026b5c   0x00000022   Code   RO         1501    i.nrf_gpio_cfg_sense_set  nrf_drv_gpiote.o
    0x00026b7e   0x00000016   Code   RO          349    i.nrf_gpio_pin_write  boards.o
    0x00026b94   0x00000028   Code   RO         1502    i.nrf_gpio_ports_read  nrf_drv_gpiote.o
    0x00026bbc   0x00000014   Code   RO         1503    i.nrf_gpiote_event_clear  nrf_drv_gpiote.o
    0x00026bd0   0x00000010   Code   RO         1504    i.nrf_gpiote_event_is_set  nrf_drv_gpiote.o
    0x00026be0   0x00000068   Code   RO         3379    i.nrf_log_backend_add  nrf_log_frontend.o
    0x00026c48   0x00000002   Code   RO         3241    i.nrf_log_backend_rtt_flush  nrf_log_backend_rtt.o
    0x00026c4a   0x00000004   Code   RO         3242    i.nrf_log_backend_rtt_init  nrf_log_backend_rtt.o
    0x00026c4e   0x00000002   Code   RO         3243    i.nrf_log_backend_rtt_panic_set  nrf_log_backend_rtt.o
    0x00026c50   0x00000018   Code   RO         3244    i.nrf_log_backend_rtt_put  nrf_log_backend_rtt.o
    0x00026c68   0x000000d2   Code   RO         3305    i.nrf_log_backend_serial_put  nrf_log_backend_serial.o
    0x00026d3a   0x00000002   PAD
    0x00026d3c   0x00000028   Code   RO         3381    i.nrf_log_color_id_get  nrf_log_frontend.o
    0x00026d64   0x0000001c   Code   RO         3339    i.nrf_log_default_backends_init  nrf_log_default_backends.o
    0x00026d80   0x000001ac   Code   RO         3382    i.nrf_log_frontend_dequeue  nrf_log_frontend.o
    0x00026f2c   0x000000b0   Code   RO         3383    i.nrf_log_frontend_hexdump  nrf_log_frontend.o
    0x00026fdc   0x00000008   Code   RO         3384    i.nrf_log_frontend_std_0  nrf_log_frontend.o
    0x00026fe4   0x0000000e   Code   RO         3385    i.nrf_log_frontend_std_1  nrf_log_frontend.o
    0x00026ff2   0x00000010   Code   RO         3386    i.nrf_log_frontend_std_2  nrf_log_frontend.o
    0x00027002   0x00000012   Code   RO         3387    i.nrf_log_frontend_std_3  nrf_log_frontend.o
    0x00027014   0x000000ac   Code   RO         3562    i.nrf_log_hexdump_entry_process  nrf_log_str_formatter.o
    0x000270c0   0x0000005c   Code   RO         3391    i.nrf_log_init      nrf_log_frontend.o
    0x0002711c   0x00000014   Code   RO         3392    i.nrf_log_module_cnt_get  nrf_log_frontend.o
    0x00027130   0x00000024   Code   RO         3393    i.nrf_log_module_filter_get  nrf_log_frontend.o
    0x00027154   0x0000001c   Code   RO         3395    i.nrf_log_module_name_get  nrf_log_frontend.o
    0x00027170   0x00000028   Code   RO         3396    i.nrf_log_panic     nrf_log_frontend.o
    0x00027198   0x000000b6   Code   RO         3563    i.nrf_log_std_entry_process  nrf_log_str_formatter.o
    0x0002724e   0x00000060   Code   RO         2904    i.nrf_memobj_alloc  nrf_memobj.o
    0x000272ae   0x00000032   Code   RO         2905    i.nrf_memobj_free   nrf_memobj.o
    0x000272e0   0x0000000e   Code   RO         2906    i.nrf_memobj_get    nrf_memobj.o
    0x000272ee   0x00000004   Code   RO         2907    i.nrf_memobj_pool_init  nrf_memobj.o
    0x000272f2   0x00000022   Code   RO         2908    i.nrf_memobj_put    nrf_memobj.o
    0x00027314   0x0000000c   Code   RO         2909    i.nrf_memobj_read   nrf_memobj.o
    0x00027320   0x0000000c   Code   RO         2910    i.nrf_memobj_write  nrf_memobj.o
    0x0002732c   0x00000014   Code   RO         3969    i.nrf_sdh_ble_app_ram_start_get  nrf_sdh_ble.o
    0x00027340   0x00000158   Code   RO         3970    i.nrf_sdh_ble_default_cfg_set  nrf_sdh_ble.o
    0x00027498   0x000000d0   Code   RO         3971    i.nrf_sdh_ble_enable  nrf_sdh_ble.o
    0x00027568   0x00000050   Code   RO         3972    i.nrf_sdh_ble_evts_poll  nrf_sdh_ble.o
    0x000275b8   0x00000040   Code   RO         3844    i.nrf_sdh_disable_request  nrf_sdh.o
    0x000275f8   0x00000058   Code   RO         3845    i.nrf_sdh_enable_request  nrf_sdh.o
    0x00027650   0x00000024   Code   RO         3846    i.nrf_sdh_evts_poll  nrf_sdh.o
    0x00027674   0x0000000c   Code   RO         3847    i.nrf_sdh_is_enabled  nrf_sdh.o
    0x00027680   0x0000001c   Code   RO         3849    i.nrf_sdh_request_continue  nrf_sdh.o
    0x0002769c   0x0000003c   Code   RO         4019    i.nrf_sdh_soc_evts_poll  nrf_sdh_soc.o
    0x000276d8   0x0000000a   Code   RO         3070    i.nrf_section_iter_init  nrf_section_iter.o
    0x000276e2   0x00000024   Code   RO         3071    i.nrf_section_iter_item_set  nrf_section_iter.o
    0x00027706   0x00000020   Code   RO         3072    i.nrf_section_iter_next  nrf_section_iter.o
    0x00027726   0x00000002   PAD
    0x00027728   0x00000038   Code   RO         3105    i.nrf_strerror_find  nrf_strerror.o
    0x00027760   0x00000014   Code   RO         3106    i.nrf_strerror_get  nrf_strerror.o
    0x00027774   0x0000000a   Code   RO         1741    i.nrf_uart_event_check  nrf_drv_uart.o
    0x0002777e   0x0000000c   Code   RO         1742    i.nrf_uart_event_clear  nrf_drv_uart.o
    0x0002778a   0x0000000c   Code   RO         1743    i.nrf_uart_int_enable_check  nrf_drv_uart.o
    0x00027796   0x0000000a   Code   RO         1744    i.nrf_uarte_event_check  nrf_drv_uart.o
    0x000277a0   0x0000000c   Code   RO         1745    i.nrf_uarte_event_clear  nrf_drv_uart.o
    0x000277ac   0x000000f8   Code   RO           11    i.nus_data_handler  main.o
    0x000278a4   0x00000024   Code   RO           12    i.on_adv_evt        main.o
    0x000278c8   0x0000001c   Code   RO           13    i.on_conn_params_evt  main.o
    0x000278e4   0x000000d8   Code   RO         1107    i.on_connected_evt  nrf_ble_gatt.o
    0x000279bc   0x00000120   Code   RO         1108    i.on_data_length_update_evt  nrf_ble_gatt.o
    0x00027adc   0x000000e4   Code   RO         1109    i.on_data_length_update_request_evt  nrf_ble_gatt.o
    0x00027bc0   0x00000120   Code   RO         1110    i.on_exchange_mtu_request_evt  nrf_ble_gatt.o
    0x00027ce0   0x000000a4   Code   RO         1111    i.on_exchange_mtu_rsp_evt  nrf_ble_gatt.o
    0x00027d84   0x00000018   Code   RO         1505    i.pin_in_use_by_port  nrf_drv_gpiote.o
    0x00027d9c   0x00000018   Code   RO         1506    i.pin_in_use_by_te  nrf_drv_gpiote.o
    0x00027db4   0x0000003c   Code   RO         3564    i.postfix_process   nrf_log_str_formatter.o
    0x00027df0   0x0000005c   Code   RO         3565    i.prefix_process    nrf_log_str_formatter.o
    0x00027e4c   0x00000088   Code   RO         2812    i.queue_process     nrf_fstorage_sd.o
    0x00027ed4   0x0000003c   Code   RO         2231    i.rtc1_stop         app_timer.o
    0x00027f10   0x00000032   Code   RO         1747    i.rx_byte           nrf_drv_uart.o
    0x00027f42   0x000000a2   Code   RO         1218    i.rx_char_add       ble_nus.o
    0x00027fe4   0x00000018   Code   RO         1748    i.rx_done_event     nrf_drv_uart.o
    0x00027ffc   0x00000020   Code   RO         1749    i.rx_enable         nrf_drv_uart.o
    0x0002801c   0x00000040   Code   RO         3852    i.sd_nvic_DisableIRQ  nrf_sdh.o
    0x0002805c   0x00000070   Code   RO         3853    i.sd_nvic_EnableIRQ  nrf_sdh.o
    0x000280cc   0x00000054   Code   RO         1285    i.sd_state_evt_handler  nrf_drv_clock.o
    0x00028120   0x00000030   Code   RO         3854    i.sdh_request_observer_notify  nrf_sdh.o
    0x00028150   0x0000002c   Code   RO         3855    i.sdh_state_observer_notify  nrf_sdh.o
    0x0002817c   0x00000044   Code   RO         3176    i.sdk_mapped_flags_bulk_update_by_key  sdk_mapped_flags.o
    0x000281c0   0x00000022   Code   RO         3177    i.sdk_mapped_flags_first_key_index_get  sdk_mapped_flags.o
    0x000281e2   0x00000010   Code   RO         3178    i.sdk_mapped_flags_get_by_index  sdk_mapped_flags.o
    0x000281f2   0x0000004a   Code   RO         3181    i.sdk_mapped_flags_key_list_get  sdk_mapped_flags.o
    0x0002823c   0x0000000e   Code   RO         3183    i.sdk_mapped_flags_update_by_key  sdk_mapped_flags.o
    0x0002824a   0x00000002   PAD
    0x0002824c   0x00000010   Code   RO          818    i.send_error_evt    ble_conn_params.o
    0x0002825c   0x0000002a   Code   RO         3245    i.serial_tx         nrf_log_backend_rtt.o
    0x00028286   0x00000002   PAD
    0x00028288   0x00000088   Code   RO          662    i.service_data_encode  ble_advdata.o
    0x00028310   0x00000028   Code   RO           14    i.sleep_mode_enter  main.o
    0x00028338   0x0000000a   Code   RO         1286    i.soc_evt_handler   nrf_drv_clock.o
    0x00028342   0x00000002   PAD
    0x00028344   0x0000009c   Code   RO         3398    i.std_n             nrf_log_frontend.o
    0x000283e0   0x00000080   Code   RO         2232    i.timer_list_handler  app_timer.o
    0x00028460   0x0000003c   Code   RO         2233    i.timer_list_insert  app_timer.o
    0x0002849c   0x00000060   Code   RO         2234    i.timer_list_remove  app_timer.o
    0x000284fc   0x00000048   Code   RO         2235    i.timer_stop_op_schedule  app_timer.o
    0x00028544   0x00000074   Code   RO         2236    i.timer_timeouts_check  app_timer.o
    0x000285b8   0x00000020   Code   RO         1750    i.tx_byte           nrf_drv_uart.o
    0x000285d8   0x000000da   Code   RO         1219    i.tx_char_add       ble_nus.o
    0x000286b2   0x0000001c   Code   RO         1751    i.tx_done_event     nrf_drv_uart.o
    0x000286ce   0x00000002   PAD
    0x000286d0   0x000000ac   Code   RO           15    i.uart_event_handle_BLE  main.o
    0x0002877c   0x000000a0   Code   RO         2386    i.uart_event_handler  app_uart_fifo.o
    0x0002881c   0x0000011e   Code   RO         1752    i.uart_irq_handler  nrf_drv_uart.o
    0x0002893a   0x000000f0   Code   RO         1753    i.uarte_irq_handler  nrf_drv_uart.o
    0x00028a2a   0x0000000a   Code   RO          663    i.uint16_encode     ble_advdata.o
    0x00028a34   0x000000b4   Code   RO         2714    i.unsigned_print    nrf_fprintf_format.o
    0x00028ae8   0x00000068   Code   RO          819    i.update_timeout_handler  ble_conn_params.o
    0x00028b50   0x00000030   Code   RO         2237    i.user_op_alloc     app_timer.o
    0x00028b80   0x00000030   Code   RO          664    i.uuid_list_encode  ble_advdata.o
    0x00028bb0   0x0000009e   Code   RO          665    i.uuid_list_sized_encode  ble_advdata.o
    0x00028c4e   0x00000002   PAD
    0x00028c50   0x00000018   Data   RO           17    .constdata          main.o
    0x00028c68   0x00000008   Data   RO          350    .constdata          boards.o
    0x00028c70   0x0000002c   Data   RO          470    .constdata          bsp.o
    0x00028c9c   0x00000016   Data   RO         1112    .constdata          nrf_ble_gatt.o
    0x00028cb2   0x00000002   PAD
    0x00028cb4   0x00000020   Data   RO         1220    .constdata          ble_nus.o
    0x00028cd4   0x00000004   Data   RO         1508    .constdata          nrf_drv_gpiote.o
    0x00028cd8   0x00000008   Data   RO         1956    .constdata          app_button.o
    0x00028ce0   0x00000020   Data   RO         2388    .constdata          app_uart_fifo.o
    0x00028d00   0x00000010   Data   RO         2715    .constdata          nrf_fprintf_format.o
    0x00028d10   0x00000104   Data   RO         3107    .constdata          nrf_strerror.o
    0x00028e14   0x0000000c   Data   RO         3247    .constdata          nrf_log_backend_rtt.o
    0x00028e20   0x00000014   Data   RO         3401    .constdata          nrf_log_frontend.o
    0x00028e34   0x00000010   Data   RO         3856    .constdata          nrf_sdh.o
    0x00028e44   0x00000028   Data   RO         3857    .constdata          nrf_sdh.o
    0x00028e6c   0x00000010   Data   RO         3858    .constdata          nrf_sdh.o
    0x00028e7c   0x00000010   Data   RO         3859    .constdata          nrf_sdh.o
    0x00028e8c   0x00000018   Data   RO         3973    .constdata          nrf_sdh_ble.o
    0x00028ea4   0x00000014   Data   RO         3974    .constdata          nrf_sdh_ble.o
    0x00028eb8   0x00000010   Data   RO         4020    .constdata          nrf_sdh_soc.o
    0x00028ec8   0x0000000c   Data   RO         4021    .constdata          nrf_sdh_soc.o
    0x00028ed4   0x00000081   Data   RO         4097    .constdata          mc_w.l(ctype_o.o)
    0x00028f55   0x00000003   PAD
    0x00028f58   0x00000004   Data   RO         4098    .constdata          mc_w.l(ctype_o.o)
    0x00028f5c   0x000001ca   Data   RO         1113    .conststring        nrf_ble_gatt.o
    0x00029126   0x00000002   PAD
    0x00029128   0x00000307   Data   RO         3108    .conststring        nrf_strerror.o
    0x0002942f   0x00000001   PAD
    0x00029430   0x00000066   Data   RO         3566    .conststring        nrf_log_str_formatter.o
    0x00029496   0x00000002   PAD
    0x00029498   0x000001cf   Data   RO         3975    .conststring        nrf_sdh_ble.o
    0x00029667   0x00000001   PAD
    0x00029668   0x00000009   Data   RO         1114    .conststrlit        nrf_ble_gatt.o
    0x00029671   0x00000003   PAD
    0x00029674   0x00000006   Data   RO         1292    .conststrlit        nrf_drv_clock.o
    0x0002967a   0x00000002   PAD
    0x0002967c   0x00000007   Data   RO         1512    .conststrlit        nrf_drv_gpiote.o
    0x00029683   0x00000001   PAD
    0x00029684   0x00000005   Data   RO         1755    .conststrlit        nrf_drv_uart.o
    0x00029689   0x00000003   PAD
    0x0002968c   0x00000007   Data   RO         2630    .conststrlit        nrf_balloc.o
    0x00029693   0x00000001   PAD
    0x00029694   0x00000009   Data   RO         2999    .conststrlit        nrf_pwr_mgmt.o
    0x0002969d   0x00000003   PAD
    0x000296a0   0x00000004   Data   RO         3403    .conststrlit        nrf_log_frontend.o
    0x000296a4   0x00000008   Data   RO         3860    .conststrlit        nrf_sdh.o
    0x000296ac   0x0000000c   Data   RO         3976    .conststrlit        nrf_sdh_ble.o
    0x000296b8   0x0000000c   Data   RO         4022    .conststrlit        nrf_sdh_soc.o
    0x000296c4   0x00000020   Data   RO         4154    Region$$Table       anon$$obj.o
    0x000296e4   0x00000008   Data   RO         1115    log_const_data      nrf_ble_gatt.o
    0x000296ec   0x00000008   Data   RO         1293    log_const_data      nrf_drv_clock.o
    0x000296f4   0x00000008   Data   RO         1513    log_const_data      nrf_drv_gpiote.o
    0x000296fc   0x00000008   Data   RO         1756    log_const_data      nrf_drv_uart.o
    0x00029704   0x00000008   Data   RO         2631    log_const_data      nrf_balloc.o
    0x0002970c   0x00000008   Data   RO         3001    log_const_data      nrf_pwr_mgmt.o
    0x00029714   0x00000008   Data   RO         3407    log_const_data      nrf_log_frontend.o
    0x0002971c   0x00000008   Data   RO         3862    log_const_data      nrf_sdh.o
    0x00029724   0x00000008   Data   RO         3977    log_const_data      nrf_sdh_ble.o
    0x0002972c   0x00000008   Data   RO         4023    log_const_data      nrf_sdh_soc.o
    0x00029734   0x00000008   Data   RO          908    sdh_ble_observers0  ble_conn_state.o
    0x0002973c   0x00000008   Data   RO           19    sdh_ble_observers1  main.o
    0x00029744   0x00000008   Data   RO          576    sdh_ble_observers1  bsp_btn_ble.o
    0x0002974c   0x00000018   Data   RO           20    sdh_ble_observers2  main.o
    0x00029764   0x00000008   Data   RO          822    sdh_ble_observers2  ble_conn_params.o
    0x0002976c   0x00000008   Data   RO         2821    sdh_req_observers0  nrf_fstorage_sd.o
    0x00029774   0x00000008   Data   RO         1295    sdh_soc_observers0  nrf_drv_clock.o
    0x0002977c   0x00000008   Data   RO         2822    sdh_soc_observers0  nrf_fstorage_sd.o
    0x00029784   0x00000008   Data   RO           21    sdh_soc_observers1  main.o
    0x0002978c   0x00000008   Data   RO         3979    sdh_stack_observers0  nrf_sdh_ble.o
    0x00029794   0x00000008   Data   RO         4025    sdh_stack_observers0  nrf_sdh_soc.o
    0x0002979c   0x00000008   Data   RO         1296    sdh_state_observers0  nrf_drv_clock.o
    0x000297a4   0x00000008   Data   RO         2823    sdh_state_observers0  nrf_fstorage_sd.o


    Execution Region RW_IRAM1 (Base: 0x20002a68, Size: 0x000030b8, Max: 0x0000d598, ABSOLUTE, COMPRESSED[0x00000044])

    Base Addr    Size         Type   Attr      Idx    E Section Name        Object

    0x20002a68   0x0000000a   Data   RW           18    .data               main.o
    0x20002a72   0x00000002   PAD
    0x20002a74   0x00000010   Data   RW          471    .data               bsp.o
    0x20002a84   0x00000008   Data   RW          575    .data               bsp_btn_ble.o
    0x20002a8c   0x00000008   Data   RW          821    .data               ble_conn_params.o
    0x20002a94   0x00000014   Data   RW         1957    .data               app_button.o
    0x20002aa8   0x00000014   Data   RW         2239    .data               app_timer.o
    0x20002abc   0x00000010   Data   RW         2389    .data               app_uart_fifo.o
    0x20002acc   0x00000008   Data   RW         2820    .data               nrf_fstorage_sd.o
    0x20002ad4   0x0000000c   Data   RW         3340    .data               nrf_log_default_backends.o
    0x20002ae0   0x00000008   Data   RW         3405    .data               nrf_log_frontend.o
    0x20002ae8   0x00000008   Data   RW         3406    .data               nrf_log_frontend.o
    0x20002af0   0x00000038   Data   RW         3567    .data               nrf_log_str_formatter.o
    0x20002b28   0x00000003   Data   RW         3861    .data               nrf_sdh.o
    0x20002b2b   0x00000001   PAD
    0x20002b2c   0x00000004   Data   RW         4060    .data               system_nrf52.o
    0x20002b30   0x0000000c   Data   RW         1116    log_dynamic_data    nrf_ble_gatt.o
    0x20002b3c   0x0000000c   Data   RW         1294    log_dynamic_data    nrf_drv_clock.o
    0x20002b48   0x0000000c   Data   RW         1514    log_dynamic_data    nrf_drv_gpiote.o
    0x20002b54   0x0000000c   Data   RW         1757    log_dynamic_data    nrf_drv_uart.o
    0x20002b60   0x0000000c   Data   RW         2632    log_dynamic_data    nrf_balloc.o
    0x20002b6c   0x0000000c   Data   RW         3002    log_dynamic_data    nrf_pwr_mgmt.o
    0x20002b78   0x0000000c   Data   RW         3408    log_dynamic_data    nrf_log_frontend.o
    0x20002b84   0x0000000c   Data   RW         3863    log_dynamic_data    nrf_sdh.o
    0x20002b90   0x0000000c   Data   RW         3978    log_dynamic_data    nrf_sdh_ble.o
    0x20002b9c   0x0000000c   Data   RW         4024    log_dynamic_data    nrf_sdh_soc.o
    0x20002ba8   0x000003fc   Zero   RW           16    .bss                main.o
    0x20002fa4   0x00000020   Zero   RW          466    .bss                bsp.o
    0x20002fc4   0x00000020   Zero   RW          467    .bss                bsp.o
    0x20002fe4   0x0000000c   Zero   RW          468    .bss                bsp.o
    0x20002ff0   0x00000020   Zero   RW          469    .bss                bsp.o
    0x20003010   0x00000050   Zero   RW          820    .bss                ble_conn_params.o
    0x20003060   0x000000b8   Zero   RW          907    .bss                ble_conn_state.o
    0x20003118   0x00000014   Zero   RW         1287    .bss                nrf_drv_clock.o
    0x2000312c   0x00000058   Zero   RW         1507    .bss                nrf_drv_gpiote.o
    0x20003184   0x00000020   Zero   RW         1754    .bss                nrf_drv_uart.o
    0x200031a4   0x00000020   Zero   RW         1955    .bss                app_button.o
    0x200031c4   0x0000010c   Zero   RW         2238    .bss                app_timer.o
    0x200032d0   0x00000020   Zero   RW         2387    .bss                app_uart_fifo.o
    0x200032f0   0x0000000c   Zero   RW         2447    .bss                app_util_platform.o
    0x200032fc   0x00000078   Zero   RW         2817    .bss                nrf_fstorage_sd.o
    0x20003374   0x00000040   Zero   RW         3246    .bss                nrf_log_backend_rtt.o
    0x200033b4   0x000000c0   Zero   RW         3399    .bss                nrf_log_frontend.o
    0x20003474   0x00000420   Zero   RW         3400    .bss                nrf_log_frontend.o
    0x20003894   0x00000288   Zero   RW         3638    .bss                segger_rtt.o
    0x20003b1c   0x00000004   PAD
    0x20003b20   0x00002000   Zero   RW         4048    STACK               arm_startup_nrf52.o


==============================================================================

Image component sizes


      Code (inc. data)   RO Data    RW Data    ZI Data      Debug   Object Name

       332         34          8         20         32       9870   app_button.o
        22          0          0          0          0       2169   app_error.o
       120         40          0          0          0      27353   app_error_weak.o
       118          0          0          0          0       4746   app_fifo.o
      1630        122          0         20        268      46823   app_timer.o
       452         42         32         16         32       7214   app_uart_fifo.o
       124         14          0          0         12       9282   app_util_platform.o
        36          8        512          0       8192        888   arm_startup_nrf52.o
      1330          0          0          0          0      35891   ble_advdata.o
       988          6          0          0          0      10064   ble_advertising.o
       636         44          8          8         80      11335   ble_conn_params.o
       268          6          8          0        184       3295   ble_conn_state.o
       692         10         32          0          0       7378   ble_nus.o
         8          0          0          0          0       1382   ble_srv_common.o
       318         42          8          0          0      12824   boards.o
       960         84         44         16        108      14843   bsp.o
       252         10          8          8          0       4576   bsp_btn_ble.o
      1644        394         64         10       1020     153230   main.o
       164          0         15         12          0       3737   nrf_balloc.o
      1590        620        497         12          0      41826   nrf_ble_gatt.o
       408         40         30         12         20      40587   nrf_drv_clock.o
        56          0          0          0          0      27519   nrf_drv_common.o
      1178         84         19         12         88      29622   nrf_drv_gpiote.o
      2140         66         13         12         32      41171   nrf_drv_uart.o
        50          0          0          0          0       3381   nrf_fprintf.o
       850          4         16          0          0       5290   nrf_fprintf_format.o
        80         10          0          0          0       1782   nrf_fstorage.o
       462         26         24          8        120       6563   nrf_fstorage_sd.o
        74          8         12          0         64       5241   nrf_log_backend_rtt.o
       210          0          0          0          0      10095   nrf_log_backend_serial.o
        28          6          0         12          0       3042   nrf_log_default_backends.o
      1664         98         32         28       1248      33591   nrf_log_frontend.o
       506         66        102         56          0       5368   nrf_log_str_formatter.o
       494          0          0          0          0      12723   nrf_memobj.o
         0          0         17         12          0       7037   nrf_pwr_mgmt.o
       536         60        104         15          0      50596   nrf_sdh.o
       652        158        535         12          0       5602   nrf_sdh_ble.o
        60          4         56         12          0       2464   nrf_sdh_soc.o
        78          0          0          0          0       2628   nrf_section_iter.o
        76         10       1035          0          0       2587   nrf_strerror.o
       206          0          0          0          0       5174   sdk_mapped_flags.o
       378         34          0          0        648       8645   segger_rtt.o
       764         64          0          4          0       2843   system_nrf52.o

    ----------------------------------------------------------------------
     22670       2214       3284        320      12152     722277   Object Totals
         0          0         32          0          0          0   (incl. Generated)
        36          0         21          3          4          0   (incl. Padding)

    ----------------------------------------------------------------------

      Code (inc. data)   RO Data    RW Data    ZI Data      Debug   Library Member Name

        86          0          0          0          0          0   __dczerorl2.o
         8          4        133          0          0         68   ctype_o.o
         0          0          0          0          0          0   entry.o
         0          0          0          0          0          0   entry10a.o
         0          0          0          0          0          0   entry11a.o
         8          4          0          0          0          0   entry2.o
         4          0          0          0          0          0   entry5.o
         0          0          0          0          0          0   entry7b.o
         0          0          0          0          0          0   entry8b.o
         8          4          0          0          0          0   entry9a.o
        30          0          0          0          0          0   handlers.o
        36          8          0          0          0         68   init.o
        30          0          0          0          0         68   llshl.o
        32          0          0          0          0         68   llushr.o
        36          0          0          0          0         68   memcpya.o
        36          0          0          0          0        108   memseta.o
        18          0          0          0          0         68   strcpy.o
        14          0          0          0          0         68   strlen.o
        98          0          0          0          0         92   uldiv.o

    ----------------------------------------------------------------------
       450         20        136          0          0        676   Library Totals
         6          0          3          0          0          0   (incl. Padding)

    ----------------------------------------------------------------------

      Code (inc. data)   RO Data    RW Data    ZI Data      Debug   Library Name

       444         20        133          0          0        676   mc_w.l

    ----------------------------------------------------------------------
       450         20        136          0          0        676   Library Totals

    ----------------------------------------------------------------------

==============================================================================


      Code (inc. data)   RO Data    RW Data    ZI Data      Debug   

     23120       2234       3420        320      12152     697629   Grand Totals
     23120       2234       3420         68      12152     697629   ELF Image Totals (compressed)
     23120       2234       3420         68          0          0   ROM Totals

==============================================================================

    Total RO  Size (Code + RO Data)                26540 (  25.92kB)
    Total RW  Size (RW Data + ZI Data)             12472 (  12.18kB)
    Total ROM Size (Code + RO Data + RW Data)      26608 (  25.98kB)

==============================================================================

